Archive member included to satisfy reference by file (symbol)

d:/gnu arm embedded toolchain/9 2019.9/bin/../lib/gcc/arm-none-eabi/9.2.1/thumb/v7-m/nofp\libgcc.a(_arm_muldf3.o)
                              CMakeFiles/f103c8t6.elf.dir/Src/main.c.obj (__aeabi_dmul)
d:/gnu arm embedded toolchain/9 2019.9/bin/../lib/gcc/arm-none-eabi/9.2.1/thumb/v7-m/nofp\libgcc.a(_arm_mulsf3.o)
                              CMakeFiles/f103c8t6.elf.dir/Src/main.c.obj (__aeabi_fmul)
d:/gnu arm embedded toolchain/9 2019.9/bin/../lib/gcc/arm-none-eabi/9.2.1/thumb/v7-m/nofp\libgcc.a(_arm_addsubdf3.o)
                              CMakeFiles/f103c8t6.elf.dir/Src/main.c.obj (__aeabi_dsub)
d:/gnu arm embedded toolchain/9 2019.9/bin/../lib/gcc/arm-none-eabi/9.2.1/thumb/v7-m/nofp\libgcc.a(_arm_cmpdf2.o)
                              CMakeFiles/f103c8t6.elf.dir/Src/main.c.obj (__aeabi_dcmplt)
d:/gnu arm embedded toolchain/9 2019.9/bin/../lib/gcc/arm-none-eabi/9.2.1/thumb/v7-m/nofp\libgcc.a(_arm_truncdfsf2.o)
                              CMakeFiles/f103c8t6.elf.dir/Src/main.c.obj (__aeabi_d2f)
d:/gnu arm embedded toolchain/9 2019.9/bin/../lib/gcc/arm-none-eabi/9.2.1/thumb/v7-m/nofp\libgcc.a(_arm_addsubsf3.o)
                              CMakeFiles/f103c8t6.elf.dir/Src/main.c.obj (__aeabi_fsub)
d:/gnu arm embedded toolchain/9 2019.9/bin/../lib/gcc/arm-none-eabi/9.2.1/../../../../arm-none-eabi/lib/thumb/v7-m/nofp\libg.a(lib_a-errno.o)
                              CMakeFiles/f103c8t6.elf.dir/Src/retarget.c.obj (__errno)
d:/gnu arm embedded toolchain/9 2019.9/bin/../lib/gcc/arm-none-eabi/9.2.1/../../../../arm-none-eabi/lib/thumb/v7-m/nofp\libg.a(lib_a-exit.o)
                              d:/gnu arm embedded toolchain/9 2019.9/bin/../lib/gcc/arm-none-eabi/9.2.1/../../../../arm-none-eabi/lib/thumb/v7-m/nofp/crt0.o (exit)
d:/gnu arm embedded toolchain/9 2019.9/bin/../lib/gcc/arm-none-eabi/9.2.1/../../../../arm-none-eabi/lib/thumb/v7-m/nofp\libg.a(lib_a-impure.o)
                              d:/gnu arm embedded toolchain/9 2019.9/bin/../lib/gcc/arm-none-eabi/9.2.1/../../../../arm-none-eabi/lib/thumb/v7-m/nofp\libg.a(lib_a-exit.o) (_global_impure_ptr)
d:/gnu arm embedded toolchain/9 2019.9/bin/../lib/gcc/arm-none-eabi/9.2.1/../../../../arm-none-eabi/lib/thumb/v7-m/nofp\libg.a(lib_a-init.o)
                              d:/gnu arm embedded toolchain/9 2019.9/bin/../lib/gcc/arm-none-eabi/9.2.1/../../../../arm-none-eabi/lib/thumb/v7-m/nofp/crt0.o (__libc_init_array)
d:/gnu arm embedded toolchain/9 2019.9/bin/../lib/gcc/arm-none-eabi/9.2.1/../../../../arm-none-eabi/lib/thumb/v7-m/nofp\libg.a(lib_a-memset.o)
                              d:/gnu arm embedded toolchain/9 2019.9/bin/../lib/gcc/arm-none-eabi/9.2.1/../../../../arm-none-eabi/lib/thumb/v7-m/nofp/crt0.o (memset)
d:/gnu arm embedded toolchain/9 2019.9/bin/../lib/gcc/arm-none-eabi/9.2.1/../../../../arm-none-eabi/lib/thumb/v7-m/nofp\libg.a(lib_a-printf.o)
                              CMakeFiles/f103c8t6.elf.dir/Src/main.c.obj (printf)
d:/gnu arm embedded toolchain/9 2019.9/bin/../lib/gcc/arm-none-eabi/9.2.1/../../../../arm-none-eabi/lib/thumb/v7-m/nofp\libg.a(lib_a-putchar.o)
                              CMakeFiles/f103c8t6.elf.dir/Src/main.c.obj (putchar)
d:/gnu arm embedded toolchain/9 2019.9/bin/../lib/gcc/arm-none-eabi/9.2.1/../../../../arm-none-eabi/lib/thumb/v7-m/nofp\libg.a(lib_a-setvbuf.o)
                              CMakeFiles/f103c8t6.elf.dir/Src/retarget.c.obj (setvbuf)
d:/gnu arm embedded toolchain/9 2019.9/bin/../lib/gcc/arm-none-eabi/9.2.1/../../../../arm-none-eabi/lib/thumb/v7-m/nofp\libg.a(lib_a-sprintf.o)
                              CMakeFiles/f103c8t6.elf.dir/Src/oled.c.obj (sprintf)
d:/gnu arm embedded toolchain/9 2019.9/bin/../lib/gcc/arm-none-eabi/9.2.1/../../../../arm-none-eabi/lib/thumb/v7-m/nofp\libg.a(lib_a-svfprintf.o)
                              d:/gnu arm embedded toolchain/9 2019.9/bin/../lib/gcc/arm-none-eabi/9.2.1/../../../../arm-none-eabi/lib/thumb/v7-m/nofp\libg.a(lib_a-sprintf.o) (_svfprintf_r)
d:/gnu arm embedded toolchain/9 2019.9/bin/../lib/gcc/arm-none-eabi/9.2.1/../../../../arm-none-eabi/lib/thumb/v7-m/nofp\libg.a(lib_a-vfprintf.o)
                              d:/gnu arm embedded toolchain/9 2019.9/bin/../lib/gcc/arm-none-eabi/9.2.1/../../../../arm-none-eabi/lib/thumb/v7-m/nofp\libg.a(lib_a-printf.o) (_vfprintf_r)
d:/gnu arm embedded toolchain/9 2019.9/bin/../lib/gcc/arm-none-eabi/9.2.1/../../../../arm-none-eabi/lib/thumb/v7-m/nofp\libg.a(lib_a-wsetup.o)
                              d:/gnu arm embedded toolchain/9 2019.9/bin/../lib/gcc/arm-none-eabi/9.2.1/../../../../arm-none-eabi/lib/thumb/v7-m/nofp\libg.a(lib_a-vfprintf.o) (__swsetup_r)
d:/gnu arm embedded toolchain/9 2019.9/bin/../lib/gcc/arm-none-eabi/9.2.1/../../../../arm-none-eabi/lib/thumb/v7-m/nofp\libg.a(lib_a-__call_atexit.o)
[...]
Memory Configuration

Name             Origin             Length             Attributes
RAM              0x20000000         0x00005000         xrw
FLASH            0x08000000         0x00010000         xr
*default*        0x00000000         0xffffffff

Linker script and memory map

LOAD d:/gnu arm embedded toolchain/9 2019.9/bin/../lib/gcc/arm-none-eabi/9.2.1/thumb/v7-m/nofp/crti.o
LOAD d:/gnu arm embedded toolchain/9 2019.9/bin/../lib/gcc/arm-none-eabi/9.2.1/thumb/v7-m/nofp/crtbegin.o
LOAD d:/gnu arm embedded toolchain/9 2019.9/bin/../lib/gcc/arm-none-eabi/9.2.1/../../../../arm-none-eabi/lib/thumb/v7-m/nofp/crt0.o
LOAD CMakeFiles/f103c8t6.elf.dir/Drivers/STM32F1xx_HAL_Driver/Src/stm32f1xx_hal.c.obj
LOAD CMakeFiles/f103c8t6.elf.dir/Drivers/STM32F1xx_HAL_Driver/Src/stm32f1xx_hal_adc.c.obj
LOAD CMakeFiles/f103c8t6.elf.dir/Drivers/STM32F1xx_HAL_Driver/Src/stm32f1xx_hal_adc_ex.c.obj
LOAD CMakeFiles/f103c8t6.elf.dir/Drivers/STM32F1xx_HAL_Driver/Src/stm32f1xx_hal_cortex.c.obj
LOAD CMakeFiles/f103c8t6.elf.dir/Drivers/STM32F1xx_HAL_Driver/Src/stm32f1xx_hal_dma.c.obj
LOAD CMakeFiles/f103c8t6.elf.dir/Drivers/STM32F1xx_HAL_Driver/Src/stm32f1xx_hal_exti.c.obj
LOAD CMakeFiles/f103c8t6.elf.dir/Drivers/STM32F1xx_HAL_Driver/Src/stm32f1xx_hal_flash.c.obj
LOAD CMakeFiles/f103c8t6.elf.dir/Drivers/STM32F1xx_HAL_Driver/Src/stm32f1xx_hal_flash_ex.c.obj
LOAD CMakeFiles/f103c8t6.elf.dir/Drivers/STM32F1xx_HAL_Driver/Src/stm32f1xx_hal_gpio.c.obj
LOAD CMakeFiles/f103c8t6.elf.dir/Drivers/STM32F1xx_HAL_Driver/Src/stm32f1xx_hal_gpio_ex.c.obj
LOAD CMakeFiles/f103c8t6.elf.dir/Drivers/STM32F1xx_HAL_Driver/Src/stm32f1xx_hal_i2c.c.obj
LOAD CMakeFiles/f103c8t6.elf.dir/Drivers/STM32F1xx_HAL_Driver/Src/stm32f1xx_hal_pwr.c.obj
LOAD CMakeFiles/f103c8t6.elf.dir/Drivers/STM32F1xx_HAL_Driver/Src/stm32f1xx_hal_rcc.c.obj
LOAD CMakeFiles/f103c8t6.elf.dir/Drivers/STM32F1xx_HAL_Driver/Src/stm32f1xx_hal_rcc_ex.c.obj
LOAD CMakeFiles/f103c8t6.elf.dir/Drivers/STM32F1xx_HAL_Driver/Src/stm32f1xx_hal_tim.c.obj
LOAD CMakeFiles/f103c8t6.elf.dir/Drivers/STM32F1xx_HAL_Driver/Src/stm32f1xx_hal_tim_ex.c.obj
LOAD CMakeFiles/f103c8t6.elf.dir/Drivers/STM32F1xx_HAL_Driver/Src/stm32f1xx_hal_uart.c.obj
LOAD CMakeFiles/f103c8t6.elf.dir/Src/adc.c.obj
LOAD CMakeFiles/f103c8t6.elf.dir/Src/dma.c.obj
LOAD CMakeFiles/f103c8t6.elf.dir/Src/gpio.c.obj
LOAD CMakeFiles/f103c8t6.elf.dir/Src/i2c.c.obj
LOAD CMakeFiles/f103c8t6.elf.dir/Src/main.c.obj
LOAD CMakeFiles/f103c8t6.elf.dir/Src/oled.c.obj
LOAD CMakeFiles/f103c8t6.elf.dir/Src/retarget.c.obj
LOAD CMakeFiles/f103c8t6.elf.dir/Src/stm32f1xx_hal_msp.c.obj
LOAD CMakeFiles/f103c8t6.elf.dir/Src/stm32f1xx_it.c.obj
LOAD CMakeFiles/f103c8t6.elf.dir/Src/syscalls.c.obj
LOAD CMakeFiles/f103c8t6.elf.dir/Src/system_stm32f1xx.c.obj
LOAD CMakeFiles/f103c8t6.elf.dir/Src/tim.c.obj
LOAD CMakeFiles/f103c8t6.elf.dir/Src/usart.c.obj
LOAD CMakeFiles/f103c8t6.elf.dir/Src/valuepack.c.obj
LOAD CMakeFiles/f103c8t6.elf.dir/startup/startup_stm32f103xb.s.obj
START GROUP
LOAD d:/gnu arm embedded toolchain/9 2019.9/bin/../lib/gcc/arm-none-eabi/9.2.1/thumb/v7-m/nofp\libgcc.a
LOAD d:/gnu arm embedded toolchain/9 2019.9/bin/../lib/gcc/arm-none-eabi/9.2.1/../../../../arm-none-eabi/lib/thumb/v7-m/nofp\libg.a
LOAD d:/gnu arm embedded toolchain/9 2019.9/bin/../lib/gcc/arm-none-eabi/9.2.1/../../../../arm-none-eabi/lib/thumb/v7-m/nofp\libc.a
END GROUP
LOAD d:/gnu arm embedded toolchain/9 2019.9/bin/../lib/gcc/arm-none-eabi/9.2.1/thumb/v7-m/nofp/crtend.o
LOAD d:/gnu arm embedded toolchain/9 2019.9/bin/../lib/gcc/arm-none-eabi/9.2.1/thumb/v7-m/nofp/crtn.o
                0x20005000                _estack = 0x20005000
                0x00000200                _Min_Heap_Size = 0x200
                0x00000400                _Min_Stack_Size = 0x400

.isr_vector     0x08000000      0x10c
                0x08000000                . = ALIGN (0x4)
 *(.isr_vector)
 .isr_vector    0x08000000      0x10c CMakeFiles/f103c8t6.elf.dir/startup/startup_stm32f103xb.s.obj
                0x08000000                g_pfnVectors
                0x0800010c                . = ALIGN (0x4)

.text           0x08000110     0xb5c0
                0x08000110                . = ALIGN (0x4)
 *(.text)
 .text          0x08000110       0x40 d:/gnu arm embedded toolchain/9 2019.9/bin/../lib/gcc/arm-none-eabi/9.2.1/thumb/v7-m/nofp/crtbegin.o
 .text          0x08000150      0x168 d:/gnu arm embedded toolchain/9 2019.9/bin/../lib/gcc/arm-none-eabi/9.2.1/thumb/v7-m/nofp\libgcc.a(_arm_mulsf3.o)
                0x08000150                __aeabi_fmul
                0x08000150                __mulsf3
 .text          0x080002b8      0x378 d:/gnu arm embedded toolchain/9 2019.9/bin/../lib/gcc/arm-none-eabi/9.2.1/thumb/v7-m/nofp\libgcc.a(_arm_addsubdf3.o)
                0x080002b8                __aeabi_drsub
                0x080002c0                __aeabi_dsub
                0x080002c0                __subdf3
                0x080002c4                __aeabi_dadd
                0x080002c4                __adddf3
                0x0800053c                __floatunsidf
                0x0800053c                __aeabi_ui2d
                0x0800055c                __floatsidf
                0x0800055c                __aeabi_i2d
                0x08000580                __aeabi_f2d
                0x08000580                __extendsfdf2
                0x080005c4                __floatundidf
                0x080005c4                __aeabi_ul2d
                0x080005d4                __floatdidf
                0x080005d4                __aeabi_l2d
 .text          0x08000630      0x110 d:/gnu arm embedded toolchain/9 2019.9/bin/../lib/gcc/arm-none-eabi/9.2.1/thumb/v7-m/nofp\libgcc.a(_arm_cmpdf2.o)
                0x08000630                __gtdf2
                0x08000630                __gedf2
                0x08000638                __ltdf2
                0x08000638                __ledf2
                0x08000640                __nedf2
                0x08000640                __eqdf2
                0x08000640                __cmpdf2
                0x080006bc                __aeabi_cdrcmple
                0x080006cc                __aeabi_cdcmpeq
                0x080006cc                __aeabi_cdcmple
                0x080006dc                __aeabi_dcmpeq
                0x080006f0                __aeabi_dcmplt
                0x08000704                __aeabi_dcmple
                0x08000718                __aeabi_dcmpge
                0x0800072c                __aeabi_dcmpgt
 .text          0x08000740       0xa0 d:/gnu arm embedded toolchain/9 2019.9/bin/../lib/gcc/arm-none-eabi/9.2.1/thumb/v7-m/nofp\libgcc.a(_arm_truncdfsf2.o)
                0x08000740                __truncdfsf2
                0x08000740                __aeabi_d2f
 .text          0x080007e0      0x21c d:/gnu arm embedded toolchain/9 2019.9/bin/../lib/gcc/arm-none-eabi/9.2.1/thumb/v7-m/nofp\libgcc.a(_arm_addsubsf3.o)
                0x080007e0                __aeabi_frsub
                0x080007e8                __subsf3
                0x080007e8                __aeabi_fsub
                0x080007ec                __aeabi_fadd
                0x080007ec                __addsf3
                0x0800094c                __aeabi_ui2f
                0x0800094c                __floatunsisf
                0x08000954                __aeabi_i2f
                0x08000954                __floatsisf
                0x08000970                __aeabi_ul2f
                0x08000970                __floatundisf
                0x08000980                __aeabi_l2f
                0x08000980                __floatdisf
 .text          0x080009fc       0xec d:/gnu arm embedded toolchain/9 2019.9/bin/../lib/gcc/arm-none-eabi/9.2.1/../../../../arm-none-eabi/lib/thumb/v7-m/nofp\libg.a(lib_a-memcpy.o)
                0x080009fc                memcpy
 .text          0x08000ae8      0x424 d:/gnu arm embedded toolchain/9 2019.9/bin/../lib/gcc/arm-none-eabi/9.2.1/thumb/v7-m/nofp\libgcc.a(_arm_muldivdf3.o)
                0x08000ae8                __aeabi_dmul
                0x08000ae8                __muldf3
                0x08000d3c                __divdf3
                0x08000d3c                __aeabi_ddiv
 .text          0x08000f0c       0x2c d:/gnu arm embedded toolchain/9 2019.9/bin/../lib/gcc/arm-none-eabi/9.2.1/thumb/v7-m/nofp\libgcc.a(_arm_unorddf2.o)
                0x08000f0c                __unorddf2
                0x08000f0c                __aeabi_dcmpun
 .text          0x08000f38       0x50 d:/gnu arm embedded toolchain/9 2019.9/bin/../lib/gcc/arm-none-eabi/9.2.1/thumb/v7-m/nofp\libgcc.a(_arm_fixdfsi.o)
                0x08000f38                __aeabi_d2iz
                0x08000f38                __fixdfsi
 .text          0x08000f88       0x30 d:/gnu arm embedded toolchain/9 2019.9/bin/../lib/gcc/arm-none-eabi/9.2.1/thumb/v7-m/nofp\libgcc.a(_aeabi_uldivmod.o)
                0x08000f88                __aeabi_uldivmod
 .text          0x08000fb8      0x2c4 d:/gnu arm embedded toolchain/9 2019.9/bin/../lib/gcc/arm-none-eabi/9.2.1/thumb/v7-m/nofp\libgcc.a(_udivmoddi4.o)
                0x08000fb8                __udivmoddi4
 .text          0x0800127c        0x4 d:/gnu arm embedded toolchain/9 2019.9/bin/../lib/gcc/arm-none-eabi/9.2.1/thumb/v7-m/nofp\libgcc.a(_dvmd_tls.o)
                0x0800127c                __aeabi_idiv0
                0x0800127c                __aeabi_ldiv0
 *(.text*)
 .text.HAL_InitTick
                0x08001280       0x4c CMakeFiles/f103c8t6.elf.dir/Drivers/STM32F1xx_HAL_Driver/Src/stm32f1xx_hal.c.obj
                0x08001280                HAL_InitTick
 .text.HAL_Init
                0x080012cc       0x24 CMakeFiles/f103c8t6.elf.dir/Drivers/STM32F1xx_HAL_Driver/Src/stm32f1xx_hal.c.obj
                0x080012cc                HAL_Init
 .text.HAL_IncTick
                0x080012f0       0x18 CMakeFiles/f103c8t6.elf.dir/Drivers/STM32F1xx_HAL_Driver/Src/stm32f1xx_hal.c.obj
                0x080012f0                HAL_IncTick
 .text.HAL_GetTick
                0x08001308        0xc CMakeFiles/f103c8t6.elf.dir/Drivers/STM32F1xx_HAL_Driver/Src/stm32f1xx_hal.c.obj
                0x08001308                HAL_GetTick
 .text.HAL_Delay
                0x08001314       0x28 CMakeFiles/f103c8t6.elf.dir/Drivers/STM32F1xx_HAL_Driver/Src/stm32f1xx_hal.c.obj
                0x08001314                HAL_Delay
 .text.HAL_ADC_GetValue
                0x0800133c        0x6 CMakeFiles/f103c8t6.elf.dir/Drivers/STM32F1xx_HAL_Driver/Src/stm32f1xx_hal_adc.c.obj
                0x0800133c                HAL_ADC_GetValue
 .text.ADC_DMAConvCplt
                0x08001342       0x52 CMakeFiles/f103c8t6.elf.dir/Drivers/STM32F1xx_HAL_Driver/Src/stm32f1xx_hal_adc.c.obj
                0x08001342                ADC_DMAConvCplt
 .text.HAL_ADC_ConvHalfCpltCallback
                0x08001394        0x2 CMakeFiles/f103c8t6.elf.dir/Drivers/STM32F1xx_HAL_Driver/Src/stm32f1xx_hal_adc.c.obj
                0x08001394                HAL_ADC_ConvHalfCpltCallback
 .text.ADC_DMAHalfConvCplt
                0x08001396        0xa CMakeFiles/f103c8t6.elf.dir/Drivers/STM32F1xx_HAL_Driver/Src/stm32f1xx_hal_adc.c.obj
                0x08001396                ADC_DMAHalfConvCplt
 .text.HAL_ADC_LevelOutOfWindowCallback
                0x080013a0        0x2 CMakeFiles/f103c8t6.elf.dir/Drivers/STM32F1xx_HAL_Driver/Src/stm32f1xx_hal_adc.c.obj
                0x080013a0                HAL_ADC_LevelOutOfWindowCallback
 .text.HAL_ADC_IRQHandler
                0x080013a2      0x10c CMakeFiles/f103c8t6.elf.dir/Drivers/STM32F1xx_HAL_Driver/Src/stm32f1xx_hal_adc.c.obj
                0x080013a2                HAL_ADC_IRQHandler
 .text.HAL_ADC_ErrorCallback
                0x080014ae        0x2 CMakeFiles/f103c8t6.elf.dir/Drivers/STM32F1xx_HAL_Driver/Src/stm32f1xx_hal_adc.c.obj
                0x080014ae                HAL_ADC_ErrorCallback
 .text.ADC_DMAError
                0x080014b0       0x1a CMakeFiles/f103c8t6.elf.dir/Drivers/STM32F1xx_HAL_Driver/Src/stm32f1xx_hal_adc.c.obj
                0x080014b0                ADC_DMAError
 *fill*         0x080014ca        0x2 
 .text.HAL_ADC_ConfigChannel
                0x080014cc      0x138 CMakeFiles/f103c8t6.elf.dir/Drivers/STM32F1xx_HAL_Driver/Src/stm32f1xx_hal_adc.c.obj
                0x080014cc                HAL_ADC_ConfigChannel
 .text.ADC_Enable
                0x08001604       0x88 CMakeFiles/f103c8t6.elf.dir/Drivers/STM32F1xx_HAL_Driver/Src/stm32f1xx_hal_adc.c.obj
                0x08001604                ADC_Enable
 .text.HAL_ADC_Start_DMA
                0x0800168c      0x130 CMakeFiles/f103c8t6.elf.dir/Drivers/STM32F1xx_HAL_Driver/Src/stm32f1xx_hal_adc.c.obj
                0x0800168c                HAL_ADC_Start_DMA
 .text.ADC_ConversionStop_Disable
                0x080017bc       0x56 CMakeFiles/f103c8t6.elf.dir/Drivers/STM32F1xx_HAL_Driver/Src/stm32f1xx_hal_adc.c.obj
                0x080017bc                ADC_ConversionStop_Disable
 *fill*         0x08001812        0x2 
 .text.HAL_ADC_Init
                0x08001814      0x108 CMakeFiles/f103c8t6.elf.dir/Drivers/STM32F1xx_HAL_Driver/Src/stm32f1xx_hal_adc.c.obj
                0x08001814                HAL_ADC_Init
 .text.HAL_ADCEx_Calibration_Start
                0x0800191c      0x100 CMakeFiles/f103c8t6.elf.dir/Drivers/STM32F1xx_HAL_Driver/Src/stm32f1xx_hal_adc_ex.c.obj
                0x0800191c                HAL_ADCEx_Calibration_Start
 .text.HAL_ADCEx_InjectedConvCpltCallback
                0x08001a1c        0x2 CMakeFiles/f103c8t6.elf.dir/Drivers/STM32F1xx_HAL_Driver/Src/stm32f1xx_hal_adc_ex.c.obj
                0x08001a1c                HAL_ADCEx_InjectedConvCpltCallback
 *fill*         0x08001a1e        0x2 
 .text.HAL_NVIC_SetPriorityGrouping
                0x08001a20       0x24 CMakeFiles/f103c8t6.elf.dir/Drivers/STM32F1xx_HAL_Driver/Src/stm32f1xx_hal_cortex.c.obj
                0x08001a20                HAL_NVIC_SetPriorityGrouping
 .text.HAL_NVIC_SetPriority
                0x08001a44       0x68 CMakeFiles/f103c8t6.elf.dir/Drivers/STM32F1xx_HAL_Driver/Src/stm32f1xx_hal_cortex.c.obj
                0x08001a44                HAL_NVIC_SetPriority
 .text.HAL_NVIC_EnableIRQ
                0x08001aac       0x1c CMakeFiles/f103c8t6.elf.dir/Drivers/STM32F1xx_HAL_Driver/Src/stm32f1xx_hal_cortex.c.obj
                0x08001aac                HAL_NVIC_EnableIRQ
 .text.HAL_SYSTICK_Config
                0x08001ac8       0x2c CMakeFiles/f103c8t6.elf.dir/Drivers/STM32F1xx_HAL_Driver/Src/stm32f1xx_hal_cortex.c.obj
                0x08001ac8                HAL_SYSTICK_Config
 .text.DMA_SetConfig
                0x08001af4       0x2c CMakeFiles/f103c8t6.elf.dir/Drivers/STM32F1xx_HAL_Driver/Src/stm32f1xx_hal_dma.c.obj
 .text.HAL_DMA_Init
                0x08001b20       0x6c CMakeFiles/f103c8t6.elf.dir/Drivers/STM32F1xx_HAL_Driver/Src/stm32f1xx_hal_dma.c.obj
                0x08001b20                HAL_DMA_Init
 .text.HAL_DMA_Start_IT
                0x08001b8c       0x74 CMakeFiles/f103c8t6.elf.dir/Drivers/STM32F1xx_HAL_Driver/Src/stm32f1xx_hal_dma.c.obj
                0x08001b8c                HAL_DMA_Start_IT
 .text.HAL_DMA_IRQHandler
                0x08001c00      0x144 CMakeFiles/f103c8t6.elf.dir/Drivers/STM32F1xx_HAL_Driver/Src/stm32f1xx_hal_dma.c.obj
                0x08001c00                HAL_DMA_IRQHandler
 .text.HAL_GPIO_Init
                0x08001d44      0x220 CMakeFiles/f103c8t6.elf.dir/Drivers/STM32F1xx_HAL_Driver/Src/stm32f1xx_hal_gpio.c.obj
                0x08001d44                HAL_GPIO_Init
 .text.HAL_GPIO_WritePin
                0x08001f64        0xc CMakeFiles/f103c8t6.elf.dir/Drivers/STM32F1xx_HAL_Driver/Src/stm32f1xx_hal_gpio.c.obj
                0x08001f64                HAL_GPIO_WritePin
 .text.I2C_IsAcknowledgeFailed
                0x08001f70       0x32 CMakeFiles/f103c8t6.elf.dir/Drivers/STM32F1xx_HAL_Driver/Src/stm32f1xx_hal_i2c.c.obj
 .text.I2C_WaitOnFlagUntilTimeout
                0x08001fa2       0x74 CMakeFiles/f103c8t6.elf.dir/Drivers/STM32F1xx_HAL_Driver/Src/stm32f1xx_hal_i2c.c.obj
 .text.I2C_WaitOnMasterAddressFlagUntilTimeout
                0x08002016       0xaa CMakeFiles/f103c8t6.elf.dir/Drivers/STM32F1xx_HAL_Driver/Src/stm32f1xx_hal_i2c.c.obj
 .text.I2C_WaitOnTXEFlagUntilTimeout
                0x080020c0       0x54 CMakeFiles/f103c8t6.elf.dir/Drivers/STM32F1xx_HAL_Driver/Src/stm32f1xx_hal_i2c.c.obj
 .text.I2C_RequestMemoryWrite
                0x08002114       0xd8 CMakeFiles/f103c8t6.elf.dir/Drivers/STM32F1xx_HAL_Driver/Src/stm32f1xx_hal_i2c.c.obj
 .text.I2C_WaitOnBTFFlagUntilTimeout
                0x080021ec       0x54 CMakeFiles/f103c8t6.elf.dir/Drivers/STM32F1xx_HAL_Driver/Src/stm32f1xx_hal_i2c.c.obj
 .text.HAL_I2C_Init
                0x08002240      0x1bc CMakeFiles/f103c8t6.elf.dir/Drivers/STM32F1xx_HAL_Driver/Src/stm32f1xx_hal_i2c.c.obj
                0x08002240                HAL_I2C_Init
 .text.HAL_I2C_Mem_Write
                0x080023fc      0x164 CMakeFiles/f103c8t6.elf.dir/Drivers/STM32F1xx_HAL_Driver/Src/stm32f1xx_hal_i2c.c.obj
                0x080023fc                HAL_I2C_Mem_Write
 .text.RCC_Delay
                0x08002560       0x2c CMakeFiles/f103c8t6.elf.dir/Drivers/STM32F1xx_HAL_Driver/Src/stm32f1xx_hal_rcc.c.obj
 .text.HAL_RCC_OscConfig
                0x0800258c      0x410 CMakeFiles/f103c8t6.elf.dir/Drivers/STM32F1xx_HAL_Driver/Src/stm32f1xx_hal_rcc.c.obj
                0x0800258c                HAL_RCC_OscConfig
 .text.HAL_RCC_GetSysClockFreq
                0x0800299c       0x6c CMakeFiles/f103c8t6.elf.dir/Drivers/STM32F1xx_HAL_Driver/Src/stm32f1xx_hal_rcc.c.obj
                0x0800299c                HAL_RCC_GetSysClockFreq
 .text.HAL_RCC_ClockConfig
                0x08002a08      0x16c CMakeFiles/f103c8t6.elf.dir/Drivers/STM32F1xx_HAL_Driver/Src/stm32f1xx_hal_rcc.c.obj
                0x08002a08                HAL_RCC_ClockConfig
 .text.HAL_RCC_GetHCLKFreq
                0x08002b74        0xc CMakeFiles/f103c8t6.elf.dir/Drivers/STM32F1xx_HAL_Driver/Src/stm32f1xx_hal_rcc.c.obj
                0x08002b74                HAL_RCC_GetHCLKFreq
 .text.HAL_RCC_GetPCLK1Freq
                0x08002b80       0x20 CMakeFiles/f103c8t6.elf.dir/Drivers/STM32F1xx_HAL_Driver/Src/stm32f1xx_hal_rcc.c.obj
                0x08002b80                HAL_RCC_GetPCLK1Freq
 .text.HAL_RCC_GetPCLK2Freq
                0x08002ba0       0x20 CMakeFiles/f103c8t6.elf.dir/Drivers/STM32F1xx_HAL_Driver/Src/stm32f1xx_hal_rcc.c.obj
                0x08002ba0                HAL_RCC_GetPCLK2Freq
 .text.HAL_RCCEx_PeriphCLKConfig
                0x08002bc0      0x114 CMakeFiles/f103c8t6.elf.dir/Drivers/STM32F1xx_HAL_Driver/Src/stm32f1xx_hal_rcc_ex.c.obj
                0x08002bc0                HAL_RCCEx_PeriphCLKConfig
 .text.HAL_RCCEx_GetPeriphCLKFreq
                0x08002cd4       0xf4 CMakeFiles/f103c8t6.elf.dir/Drivers/STM32F1xx_HAL_Driver/Src/stm32f1xx_hal_rcc_ex.c.obj
                0x08002cd4                HAL_RCCEx_GetPeriphCLKFreq
 .text.TIM_OC1_SetConfig
                0x08002dc8       0x5c CMakeFiles/f103c8t6.elf.dir/Drivers/STM32F1xx_HAL_Driver/Src/stm32f1xx_hal_tim.c.obj
 .text.TIM_OC3_SetConfig
                0x08002e24       0x64 CMakeFiles/f103c8t6.elf.dir/Drivers/STM32F1xx_HAL_Driver/Src/stm32f1xx_hal_tim.c.obj
 .text.TIM_OC4_SetConfig
                0x08002e88       0x48 CMakeFiles/f103c8t6.elf.dir/Drivers/STM32F1xx_HAL_Driver/Src/stm32f1xx_hal_tim.c.obj
 .text.TIM_TI1_ConfigInputStage
                0x08002ed0       0x24 CMakeFiles/f103c8t6.elf.dir/Drivers/STM32F1xx_HAL_Driver/Src/stm32f1xx_hal_tim.c.obj
 .text.TIM_TI2_ConfigInputStage
                0x08002ef4       0x26 CMakeFiles/f103c8t6.elf.dir/Drivers/STM32F1xx_HAL_Driver/Src/stm32f1xx_hal_tim.c.obj
 .text.TIM_ITRx_SetConfig
                0x08002f1a       0x10 CMakeFiles/f103c8t6.elf.dir/Drivers/STM32F1xx_HAL_Driver/Src/stm32f1xx_hal_tim.c.obj
 *fill*         0x08002f2a        0x2 
 .text.HAL_TIM_Base_Start_IT
                0x08002f2c       0x68 CMakeFiles/f103c8t6.elf.dir/Drivers/STM32F1xx_HAL_Driver/Src/stm32f1xx_hal_tim.c.obj
                0x08002f2c                HAL_TIM_Base_Start_IT
 .text.HAL_TIM_PWM_MspInit
                0x08002f94        0x2 CMakeFiles/f103c8t6.elf.dir/Drivers/STM32F1xx_HAL_Driver/Src/stm32f1xx_hal_tim.c.obj
                0x08002f94                HAL_TIM_PWM_MspInit
 .text.HAL_TIM_OC_DelayElapsedCallback
                0x08002f96        0x2 CMakeFiles/f103c8t6.elf.dir/Drivers/STM32F1xx_HAL_Driver/Src/stm32f1xx_hal_tim.c.obj
                0x08002f96                HAL_TIM_OC_DelayElapsedCallback
 .text.HAL_TIM_IC_CaptureCallback
                0x08002f98        0x2 CMakeFiles/f103c8t6.elf.dir/Drivers/STM32F1xx_HAL_Driver/Src/stm32f1xx_hal_tim.c.obj
                0x08002f98                HAL_TIM_IC_CaptureCallback
 .text.HAL_TIM_PWM_PulseFinishedCallback
                0x08002f9a        0x2 CMakeFiles/f103c8t6.elf.dir/Drivers/STM32F1xx_HAL_Driver/Src/stm32f1xx_hal_tim.c.obj
                0x08002f9a                HAL_TIM_PWM_PulseFinishedCallback
 .text.HAL_TIM_TriggerCallback
                0x08002f9c        0x2 CMakeFiles/f103c8t6.elf.dir/Drivers/STM32F1xx_HAL_Driver/Src/stm32f1xx_hal_tim.c.obj
                0x08002f9c                HAL_TIM_TriggerCallback
 .text.HAL_TIM_IRQHandler
                0x08002f9e      0x17a CMakeFiles/f103c8t6.elf.dir/Drivers/STM32F1xx_HAL_Driver/Src/stm32f1xx_hal_tim.c.obj
                0x08002f9e                HAL_TIM_IRQHandler
 .text.TIM_Base_SetConfig
                0x08003118       0x74 CMakeFiles/f103c8t6.elf.dir/Drivers/STM32F1xx_HAL_Driver/Src/stm32f1xx_hal_tim.c.obj
                0x08003118                TIM_Base_SetConfig
 .text.HAL_TIM_Base_Init
                0x0800318c       0x58 CMakeFiles/f103c8t6.elf.dir/Drivers/STM32F1xx_HAL_Driver/Src/stm32f1xx_hal_tim.c.obj
                0x0800318c                HAL_TIM_Base_Init
 .text.HAL_TIM_PWM_Init
                0x080031e4       0x58 CMakeFiles/f103c8t6.elf.dir/Drivers/STM32F1xx_HAL_Driver/Src/stm32f1xx_hal_tim.c.obj
                0x080031e4                HAL_TIM_PWM_Init
 .text.TIM_OC2_SetConfig
                0x0800323c       0x64 CMakeFiles/f103c8t6.elf.dir/Drivers/STM32F1xx_HAL_Driver/Src/stm32f1xx_hal_tim.c.obj
                0x0800323c                TIM_OC2_SetConfig
 .text.HAL_TIM_PWM_ConfigChannel
                0x080032a0       0xd0 CMakeFiles/f103c8t6.elf.dir/Drivers/STM32F1xx_HAL_Driver/Src/stm32f1xx_hal_tim.c.obj
                0x080032a0                HAL_TIM_PWM_ConfigChannel
 .text.TIM_ETR_SetConfig
                0x08003370       0x16 CMakeFiles/f103c8t6.elf.dir/Drivers/STM32F1xx_HAL_Driver/Src/stm32f1xx_hal_tim.c.obj
                0x08003370                TIM_ETR_SetConfig
 .text.HAL_TIM_ConfigClockSource
                0x08003386       0xda CMakeFiles/f103c8t6.elf.dir/Drivers/STM32F1xx_HAL_Driver/Src/stm32f1xx_hal_tim.c.obj
                0x08003386                HAL_TIM_ConfigClockSource
 .text.TIM_CCxChannelCmd
                0x08003460       0x22 CMakeFiles/f103c8t6.elf.dir/Drivers/STM32F1xx_HAL_Driver/Src/stm32f1xx_hal_tim.c.obj
                0x08003460                TIM_CCxChannelCmd
 *fill*         0x08003482        0x2 
 .text.HAL_TIM_PWM_Start
                0x08003484       0xdc CMakeFiles/f103c8t6.elf.dir/Drivers/STM32F1xx_HAL_Driver/Src/stm32f1xx_hal_tim.c.obj
                0x08003484                HAL_TIM_PWM_Start
 .text.HAL_TIMEx_MasterConfigSynchronization
                0x08003560       0x68 CMakeFiles/f103c8t6.elf.dir/Drivers/STM32F1xx_HAL_Driver/Src/stm32f1xx_hal_tim_ex.c.obj
                0x08003560                HAL_TIMEx_MasterConfigSynchronization
 .text.HAL_TIMEx_CommutCallback
                0x080035c8        0x2 CMakeFiles/f103c8t6.elf.dir/Drivers/STM32F1xx_HAL_Driver/Src/stm32f1xx_hal_tim_ex.c.obj
                0x080035c8                HAL_TIMEx_CommutCallback
 .text.HAL_TIMEx_BreakCallback
                0x080035ca        0x2 CMakeFiles/f103c8t6.elf.dir/Drivers/STM32F1xx_HAL_Driver/Src/stm32f1xx_hal_tim_ex.c.obj
                0x080035ca                HAL_TIMEx_BreakCallback
 .text.UART_SetConfig
                0x080035cc       0x90 CMakeFiles/f103c8t6.elf.dir/Drivers/STM32F1xx_HAL_Driver/Src/stm32f1xx_hal_uart.c.obj
 .text.UART_WaitOnFlagUntilTimeout
                0x0800365c       0x68 CMakeFiles/f103c8t6.elf.dir/Drivers/STM32F1xx_HAL_Driver/Src/stm32f1xx_hal_uart.c.obj
 .text.HAL_UART_Init
                0x080036c4       0x5e CMakeFiles/f103c8t6.elf.dir/Drivers/STM32F1xx_HAL_Driver/Src/stm32f1xx_hal_uart.c.obj
                0x080036c4                HAL_UART_Init
 .text.HAL_UART_Transmit
                0x08003722       0xd8 CMakeFiles/f103c8t6.elf.dir/Drivers/STM32F1xx_HAL_Driver/Src/stm32f1xx_hal_uart.c.obj
                0x08003722                HAL_UART_Transmit
 .text.HAL_UART_Receive
                0x080037fa       0xe4 CMakeFiles/f103c8t6.elf.dir/Drivers/STM32F1xx_HAL_Driver/Src/stm32f1xx_hal_uart.c.obj
                0x080037fa                HAL_UART_Receive
 *fill*         0x080038de        0x2 
 .text.MX_ADC1_Init
                0x080038e0       0x84 CMakeFiles/f103c8t6.elf.dir/Src/adc.c.obj
                0x080038e0                MX_ADC1_Init
 .text.HAL_ADC_MspInit
                0x08003964       0xb0 CMakeFiles/f103c8t6.elf.dir/Src/adc.c.obj
                0x08003964                HAL_ADC_MspInit
 .text.MX_DMA_Init
                0x08003a14       0x34 CMakeFiles/f103c8t6.elf.dir/Src/dma.c.obj
                0x08003a14                MX_DMA_Init
 .text.MX_GPIO_Init
                0x08003a48       0x8c CMakeFiles/f103c8t6.elf.dir/Src/gpio.c.obj
                0x08003a48                MX_GPIO_Init
 .text.MX_I2C1_Init
                0x08003ad4       0x3c CMakeFiles/f103c8t6.elf.dir/Src/i2c.c.obj
                0x08003ad4                MX_I2C1_Init
 .text.HAL_I2C_MspInit
                0x08003b10       0x64 CMakeFiles/f103c8t6.elf.dir/Src/i2c.c.obj
                0x08003b10                HAL_I2C_MspInit
 .text.start_adc
                0x08003b74       0x2c CMakeFiles/f103c8t6.elf.dir/Src/main.c.obj
                0x08003b74                start_adc
 .text.HAL_ADC_ConvCpltCallback
                0x08003ba0       0x2c CMakeFiles/f103c8t6.elf.dir/Src/main.c.obj
                0x08003ba0                HAL_ADC_ConvCpltCallback
 *fill*         0x08003bcc        0x4 
 .text.HAL_TIM_PeriodElapsedCallback
                0x08003bd0       0xb8 CMakeFiles/f103c8t6.elf.dir/Src/main.c.obj
                0x08003bd0                HAL_TIM_PeriodElapsedCallback
 .text.sendBuffer
                0x08003c88       0x38 CMakeFiles/f103c8t6.elf.dir/Src/main.c.obj
                0x08003c88                sendBuffer
 .text.Error_Handler
                0x08003cc0        0x4 CMakeFiles/f103c8t6.elf.dir/Src/main.c.obj
                0x08003cc0                Error_Handler
 .text.SystemClock_Config
                0x08003cc4       0x80 CMakeFiles/f103c8t6.elf.dir/Src/main.c.obj
                0x08003cc4                SystemClock_Config
 .text.main     0x08003d44      0x1c0 CMakeFiles/f103c8t6.elf.dir/Src/main.c.obj
                0x08003d44                main
 .text.WriteCmd
                0x08003f04       0x2c CMakeFiles/f103c8t6.elf.dir/Src/oled.c.obj
                0x08003f04                WriteCmd
 .text.WriteDat
                0x08003f30       0x2c CMakeFiles/f103c8t6.elf.dir/Src/oled.c.obj
                0x08003f30                WriteDat
 .text.OLED_Init
                0x08003f5c       0xb2 CMakeFiles/f103c8t6.elf.dir/Src/oled.c.obj
                0x08003f5c                OLED_Init
 .text.OLED_Fill
                0x0800400e       0x3c CMakeFiles/f103c8t6.elf.dir/Src/oled.c.obj
                0x0800400e                OLED_Fill
 .text.OLED_CLS
                0x0800404a        0xa CMakeFiles/f103c8t6.elf.dir/Src/oled.c.obj
                0x0800404a                OLED_CLS
 .text.OLED_ON  0x08004054       0x16 CMakeFiles/f103c8t6.elf.dir/Src/oled.c.obj
                0x08004054                OLED_ON
 *fill*         0x0800406a        0x2 
 .text.OLED_Refresh
                0x0800406c       0x44 CMakeFiles/f103c8t6.elf.dir/Src/oled.c.obj
                0x0800406c                OLED_Refresh
 .text.OLED_DrawPoint
                0x080040b0       0x24 CMakeFiles/f103c8t6.elf.dir/Src/oled.c.obj
                0x080040b0                OLED_DrawPoint
 .text.OLED_ClearPoint
                0x080040d4       0x28 CMakeFiles/f103c8t6.elf.dir/Src/oled.c.obj
                0x080040d4                OLED_ClearPoint
 .text.OLED_ShowChar
                0x080040fc       0xc4 CMakeFiles/f103c8t6.elf.dir/Src/oled.c.obj
                0x080040fc                OLED_ShowChar
 .text.OLED_ShowString
                0x080041c0       0x3c CMakeFiles/f103c8t6.elf.dir/Src/oled.c.obj
                0x080041c0                OLED_ShowString
 .text.OLED_ShowFloat
                0x080041fc       0x30 CMakeFiles/f103c8t6.elf.dir/Src/oled.c.obj
                0x080041fc                OLED_ShowFloat
 .text.OLED_ShowChinese
                0x0800422c       0xfc CMakeFiles/f103c8t6.elf.dir/Src/oled.c.obj
                0x0800422c                OLED_ShowChinese
 .text.RetargetInit
                0x08004328       0x20 CMakeFiles/f103c8t6.elf.dir/Src/retarget.c.obj
                0x08004328                RetargetInit
 .text._write   0x08004348       0x34 CMakeFiles/f103c8t6.elf.dir/Src/retarget.c.obj
                0x08004348                _write
 .text._read    0x0800437c       0x30 CMakeFiles/f103c8t6.elf.dir/Src/retarget.c.obj
                0x0800437c                _read
 .text.HAL_MspInit
                0x080043ac       0x44 CMakeFiles/f103c8t6.elf.dir/Src/stm32f1xx_hal_msp.c.obj
                0x080043ac                HAL_MspInit
 .text.NMI_Handler
                0x080043f0        0x2 CMakeFiles/f103c8t6.elf.dir/Src/stm32f1xx_it.c.obj
                0x080043f0                NMI_Handler
 .text.HardFault_Handler
                0x080043f2        0x2 CMakeFiles/f103c8t6.elf.dir/Src/stm32f1xx_it.c.obj
                0x080043f2                HardFault_Handler
 .text.MemManage_Handler
                0x080043f4        0x2 CMakeFiles/f103c8t6.elf.dir/Src/stm32f1xx_it.c.obj
                0x080043f4                MemManage_Handler
 .text.BusFault_Handler
                0x080043f6        0x2 CMakeFiles/f103c8t6.elf.dir/Src/stm32f1xx_it.c.obj
                0x080043f6                BusFault_Handler
 .text.UsageFault_Handler
                0x080043f8        0x2 CMakeFiles/f103c8t6.elf.dir/Src/stm32f1xx_it.c.obj
                0x080043f8                UsageFault_Handler
 .text.SVC_Handler
                0x080043fa        0x2 CMakeFiles/f103c8t6.elf.dir/Src/stm32f1xx_it.c.obj
                0x080043fa                SVC_Handler
 .text.DebugMon_Handler
                0x080043fc        0x2 CMakeFiles/f103c8t6.elf.dir/Src/stm32f1xx_it.c.obj
                0x080043fc                DebugMon_Handler
 .text.PendSV_Handler
                0x080043fe        0x2 CMakeFiles/f103c8t6.elf.dir/Src/stm32f1xx_it.c.obj
                0x080043fe                PendSV_Handler
 .text.SysTick_Handler
                0x08004400        0x8 CMakeFiles/f103c8t6.elf.dir/Src/stm32f1xx_it.c.obj
                0x08004400                SysTick_Handler
 .text.DMA1_Channel1_IRQHandler
                0x08004408       0x10 CMakeFiles/f103c8t6.elf.dir/Src/stm32f1xx_it.c.obj
                0x08004408                DMA1_Channel1_IRQHandler
 .text.ADC1_2_IRQHandler
                0x08004418       0x10 CMakeFiles/f103c8t6.elf.dir/Src/stm32f1xx_it.c.obj
                0x08004418                ADC1_2_IRQHandler
 .text.TIM2_IRQHandler
                0x08004428       0x10 CMakeFiles/f103c8t6.elf.dir/Src/stm32f1xx_it.c.obj
                0x08004428                TIM2_IRQHandler
 .text._sbrk    0x08004438       0x3c CMakeFiles/f103c8t6.elf.dir/Src/syscalls.c.obj
                0x08004438                _sbrk
 .text._close   0x08004474        0x6 CMakeFiles/f103c8t6.elf.dir/Src/syscalls.c.obj
                0x08004474                _close
 .text._fstat   0x0800447a        0xa CMakeFiles/f103c8t6.elf.dir/Src/syscalls.c.obj
                0x0800447a                _fstat
 .text._isatty  0x08004484        0x4 CMakeFiles/f103c8t6.elf.dir/Src/syscalls.c.obj
                0x08004484                _isatty
 .text._lseek   0x08004488        0x4 CMakeFiles/f103c8t6.elf.dir/Src/syscalls.c.obj
                0x08004488                _lseek
 .text.SystemInit
                0x0800448c        0x2 CMakeFiles/f103c8t6.elf.dir/Src/system_stm32f1xx.c.obj
                0x0800448c                SystemInit
 *fill*         0x0800448e        0x2 
 .text.MX_TIM2_Init
                0x08004490       0xa8 CMakeFiles/f103c8t6.elf.dir/Src/tim.c.obj
                0x08004490                MX_TIM2_Init
 .text.HAL_TIM_Base_MspInit
                0x08004538       0x3a CMakeFiles/f103c8t6.elf.dir/Src/tim.c.obj
                0x08004538                HAL_TIM_Base_MspInit
 *fill*         0x08004572        0x2 
 .text.MX_USART1_UART_Init
                0x08004574       0x34 CMakeFiles/f103c8t6.elf.dir/Src/usart.c.obj
                0x08004574                MX_USART1_UART_Init
 .text.HAL_UART_MspInit
                0x080045a8       0x78 CMakeFiles/f103c8t6.elf.dir/Src/usart.c.obj
                0x080045a8                HAL_UART_MspInit
 .text.startValuePack
                0x08004620       0x2c CMakeFiles/f103c8t6.elf.dir/Src/valuepack.c.obj
                0x08004620                startValuePack
 .text.putBool  0x0800464c       0x74 CMakeFiles/f103c8t6.elf.dir/Src/valuepack.c.obj
                0x0800464c                putBool
 .text.putFloat
                0x080046c0       0x74 CMakeFiles/f103c8t6.elf.dir/Src/valuepack.c.obj
                0x080046c0                putFloat
 .text.endValuePack
                0x08004734       0x3c CMakeFiles/f103c8t6.elf.dir/Src/valuepack.c.obj
                0x08004734                endValuePack
 .text.Reset_Handler
                0x08004770       0x48 CMakeFiles/f103c8t6.elf.dir/startup/startup_stm32f103xb.s.obj
                0x08004770                Reset_Handler
 .text.Default_Handler
                0x080047b8        0x2 CMakeFiles/f103c8t6.elf.dir/startup/startup_stm32f103xb.s.obj
                0x080047b8                RTC_Alarm_IRQHandler
                0x080047b8                EXTI2_IRQHandler
                0x080047b8                TIM1_CC_IRQHandler
                0x080047b8                PVD_IRQHandler
                0x080047b8                EXTI3_IRQHandler
                0x080047b8                EXTI0_IRQHandler
                0x080047b8                I2C2_EV_IRQHandler
                0x080047b8                SPI1_IRQHandler
                0x080047b8                TAMPER_IRQHandler
                0x080047b8                DMA1_Channel4_IRQHandler
                0x080047b8                USART3_IRQHandler
                0x080047b8                RTC_IRQHandler
                0x080047b8                DMA1_Channel7_IRQHandler
                0x080047b8                CAN1_RX1_IRQHandler
                0x080047b8                TIM4_IRQHandler
                0x080047b8                I2C1_EV_IRQHandler
                0x080047b8                DMA1_Channel6_IRQHandler
                0x080047b8                TIM3_IRQHandler
                0x080047b8                RCC_IRQHandler
                0x080047b8                TIM1_TRG_COM_IRQHandler
                0x080047b8                Default_Handler
                0x080047b8                EXTI15_10_IRQHandler
                0x080047b8                EXTI9_5_IRQHandler
                0x080047b8                SPI2_IRQHandler
                0x080047b8                DMA1_Channel5_IRQHandler
                0x080047b8                EXTI4_IRQHandler
                0x080047b8                USB_LP_CAN1_RX0_IRQHandler
                0x080047b8                USB_HP_CAN1_TX_IRQHandler
                0x080047b8                DMA1_Channel3_IRQHandler
                0x080047b8                TIM1_UP_IRQHandler
                0x080047b8                WWDG_IRQHandler
                0x080047b8                TIM1_BRK_IRQHandler
                0x080047b8                EXTI1_IRQHandler
                0x080047b8                USART2_IRQHandler
                0x080047b8                I2C2_ER_IRQHandler
                0x080047b8                DMA1_Channel2_IRQHandler
                0x080047b8                CAN1_SCE_IRQHandler
                0x080047b8                FLASH_IRQHandler
                0x080047b8                USART1_IRQHandler
                0x080047b8                I2C1_ER_IRQHandler
                0x080047b8                USBWakeUp_IRQHandler
 *fill*         0x080047ba        0x2 
 .text.__errno  0x080047bc        0xc d:/gnu arm embedded toolchain/9 2019.9/bin/../lib/gcc/arm-none-eabi/9.2.1/../../../../arm-none-eabi/lib/thumb/v7-m/nofp\libg.a(lib_a-errno.o)
                0x080047bc                __errno
 .text.__libc_init_array
                0x080047c8       0x48 d:/gnu arm embedded toolchain/9 2019.9/bin/../lib/gcc/arm-none-eabi/9.2.1/../../../../arm-none-eabi/lib/thumb/v7-m/nofp\libg.a(lib_a-init.o)
                0x080047c8                __libc_init_array
 .text.memset   0x08004810       0xa0 d:/gnu arm embedded toolchain/9 2019.9/bin/../lib/gcc/arm-none-eabi/9.2.1/../../../../arm-none-eabi/lib/thumb/v7-m/nofp\libg.a(lib_a-memset.o)
                0x08004810                memset
 .text.printf   0x080048b0       0x28 d:/gnu arm embedded toolchain/9 2019.9/bin/../lib/gcc/arm-none-eabi/9.2.1/../../../../arm-none-eabi/lib/thumb/v7-m/nofp\libg.a(lib_a-printf.o)
                0x080048b0                printf
 .text.putchar  0x080048d8       0x10 d:/gnu arm embedded toolchain/9 2019.9/bin/../lib/gcc/arm-none-eabi/9.2.1/../../../../arm-none-eabi/lib/thumb/v7-m/nofp\libg.a(lib_a-putchar.o)
                0x080048d8                putchar
 .text.setvbuf  0x080048e8      0x1a0 d:/gnu arm embedded toolchain/9 2019.9/bin/../lib/gcc/arm-none-eabi/9.2.1/../../../../arm-none-eabi/lib/thumb/v7-m/nofp\libg.a(lib_a-setvbuf.o)
                0x080048e8                setvbuf
 .text.sprintf  0x08004a88       0x44 d:/gnu arm embedded toolchain/9 2019.9/bin/../lib/gcc/arm-none-eabi/9.2.1/../../../../arm-none-eabi/lib/thumb/v7-m/nofp\libg.a(lib_a-sprintf.o)
                0x08004a88                sprintf
 .text._svfprintf_r
                0x08004acc     0x1b50 d:/gnu arm embedded toolchain/9 2019.9/bin/../lib/gcc/arm-none-eabi/9.2.1/../../../../arm-none-eabi/lib/thumb/v7-m/nofp\libg.a(lib_a-svfprintf.o)
                0x08004acc                _svfprintf_r
 .text._vfprintf_r
                0x0800661c     0x1c18 d:/gnu arm embedded toolchain/9 2019.9/bin/../lib/gcc/arm-none-eabi/9.2.1/../../../../arm-none-eabi/lib/thumb/v7-m/nofp\libg.a(lib_a-vfprintf.o)
                0x0800661c                _vfprintf_r
 .text.__sbprintf
                0x08008234       0x88 d:/gnu arm embedded toolchain/9 2019.9/bin/../lib/gcc/arm-none-eabi/9.2.1/../../../../arm-none-eabi/lib/thumb/v7-m/nofp\libg.a(lib_a-vfprintf.o)
 .text.__swsetup_r
                0x080082bc       0xd0 d:/gnu arm embedded toolchain/9 2019.9/bin/../lib/gcc/arm-none-eabi/9.2.1/../../../../arm-none-eabi/lib/thumb/v7-m/nofp\libg.a(lib_a-wsetup.o)
                0x080082bc                __swsetup_r
 .text.startup.register_fini
                0x0800838c       0x14 d:/gnu arm embedded toolchain/9 2019.9/bin/../lib/gcc/arm-none-eabi/9.2.1/../../../../arm-none-eabi/lib/thumb/v7-m/nofp\libg.a(lib_a-__call_atexit.o)
 .text.atexit   0x080083a0        0xc d:/gnu arm embedded toolchain/9 2019.9/bin/../lib/gcc/arm-none-eabi/9.2.1/../../../../arm-none-eabi/lib/thumb/v7-m/nofp\libg.a(lib_a-atexit.o)
                0x080083a0                atexit
 .text.quorem   0x080083ac      0x120 d:/gnu arm embedded toolchain/9 2019.9/bin/../lib/gcc/arm-none-eabi/9.2.1/../../../../arm-none-eabi/lib/thumb/v7-m/nofp\libg.a(lib_a-dtoa.o)
 *fill*         0x080084cc        0x4 
 .text._dtoa_r  0x080084d0      0xe8c d:/gnu arm embedded toolchain/9 2019.9/bin/../lib/gcc/arm-none-eabi/9.2.1/../../../../arm-none-eabi/lib/thumb/v7-m/nofp\libg.a(lib_a-dtoa.o)
                0x080084d0                _dtoa_r
 .text.__sflush_r
                0x0800935c      0x130 d:/gnu arm embedded toolchain/9 2019.9/bin/../lib/gcc/arm-none-eabi/9.2.1/../../../../arm-none-eabi/lib/thumb/v7-m/nofp\libg.a(lib_a-fflush.o)
                0x0800935c                __sflush_r
 .text._fflush_r
                0x0800948c       0x5c d:/gnu arm embedded toolchain/9 2019.9/bin/../lib/gcc/arm-none-eabi/9.2.1/../../../../arm-none-eabi/lib/thumb/v7-m/nofp\libg.a(lib_a-fflush.o)
                0x0800948c                _fflush_r
 .text.std      0x080094e8       0x50 d:/gnu arm embedded toolchain/9 2019.9/bin/../lib/gcc/arm-none-eabi/9.2.1/../../../../arm-none-eabi/lib/thumb/v7-m/nofp\libg.a(lib_a-findfp.o)
 .text._cleanup_r
                0x08009538        0xc d:/gnu arm embedded toolchain/9 2019.9/bin/../lib/gcc/arm-none-eabi/9.2.1/../../../../arm-none-eabi/lib/thumb/v7-m/nofp\libg.a(lib_a-findfp.o)
                0x08009538                _cleanup_r
 .text.__sinit  0x08009544       0x5c d:/gnu arm embedded toolchain/9 2019.9/bin/../lib/gcc/arm-none-eabi/9.2.1/../../../../arm-none-eabi/lib/thumb/v7-m/nofp\libg.a(lib_a-findfp.o)
                0x08009544                __sinit
 .text.__sfp_lock_acquire
                0x080095a0        0xc d:/gnu arm embedded toolchain/9 2019.9/bin/../lib/gcc/arm-none-eabi/9.2.1/../../../../arm-none-eabi/lib/thumb/v7-m/nofp\libg.a(lib_a-findfp.o)
                0x080095a0                __sfp_lock_acquire
 .text.__sfp_lock_release
                0x080095ac        0xc d:/gnu arm embedded toolchain/9 2019.9/bin/../lib/gcc/arm-none-eabi/9.2.1/../../../../arm-none-eabi/lib/thumb/v7-m/nofp\libg.a(lib_a-findfp.o)
                0x080095ac                __sfp_lock_release
 .text.__libc_fini_array
                0x080095b8       0x2c d:/gnu arm embedded toolchain/9 2019.9/bin/../lib/gcc/arm-none-eabi/9.2.1/../../../../arm-none-eabi/lib/thumb/v7-m/nofp\libg.a(lib_a-fini.o)
                0x080095b8                __libc_fini_array
 .text._malloc_trim_r
                0x080095e4       0xa0 d:/gnu arm embedded toolchain/9 2019.9/bin/../lib/gcc/arm-none-eabi/9.2.1/../../../../arm-none-eabi/lib/thumb/v7-m/nofp\libg.a(lib_a-freer.o)
                0x080095e4                _malloc_trim_r
 .text._free_r  0x08009684      0x20c d:/gnu arm embedded toolchain/9 2019.9/bin/../lib/gcc/arm-none-eabi/9.2.1/../../../../arm-none-eabi/lib/thumb/v7-m/nofp\libg.a(lib_a-freer.o)
                0x08009684                _free_r
 .text._fwalk_reent
                0x08009890       0x48 d:/gnu arm embedded toolchain/9 2019.9/bin/../lib/gcc/arm-none-eabi/9.2.1/../../../../arm-none-eabi/lib/thumb/v7-m/nofp\libg.a(lib_a-fwalk.o)
                0x08009890                _fwalk_reent
 .text._localeconv_r
                0x080098d8        0x8 d:/gnu arm embedded toolchain/9 2019.9/bin/../lib/gcc/arm-none-eabi/9.2.1/../../../../arm-none-eabi/lib/thumb/v7-m/nofp\libg.a(lib_a-localeconv.o)
                0x080098d8                _localeconv_r
 .text.__retarget_lock_init_recursive
                0x080098e0        0x4 d:/gnu arm embedded toolchain/9 2019.9/bin/../lib/gcc/arm-none-eabi/9.2.1/../../../../arm-none-eabi/lib/thumb/v7-m/nofp\libg.a(lib_a-lock.o)
                0x080098e0                __retarget_lock_init_recursive
 .text.__retarget_lock_close_recursive
                0x080098e4        0x4 d:/gnu arm embedded toolchain/9 2019.9/bin/../lib/gcc/arm-none-eabi/9.2.1/../../../../arm-none-eabi/lib/thumb/v7-m/nofp\libg.a(lib_a-lock.o)
                0x080098e4                __retarget_lock_close_recursive
 .text.__retarget_lock_acquire_recursive
                0x080098e8        0x4 d:/gnu arm embedded toolchain/9 2019.9/bin/../lib/gcc/arm-none-eabi/9.2.1/../../../../arm-none-eabi/lib/thumb/v7-m/nofp\libg.a(lib_a-lock.o)
                0x080098e8                __retarget_lock_acquire_recursive
 .text.__retarget_lock_release_recursive
                0x080098ec        0x4 d:/gnu arm embedded toolchain/9 2019.9/bin/../lib/gcc/arm-none-eabi/9.2.1/../../../../arm-none-eabi/lib/thumb/v7-m/nofp\libg.a(lib_a-lock.o)
                0x080098ec                __retarget_lock_release_recursive
 .text.__swhatbuf_r
                0x080098f0       0x5c d:/gnu arm embedded toolchain/9 2019.9/bin/../lib/gcc/arm-none-eabi/9.2.1/../../../../arm-none-eabi/lib/thumb/v7-m/nofp\libg.a(lib_a-makebuf.o)
                0x080098f0                __swhatbuf_r
 .text.__smakebuf_r
                0x0800994c       0x94 d:/gnu arm embedded toolchain/9 2019.9/bin/../lib/gcc/arm-none-eabi/9.2.1/../../../../arm-none-eabi/lib/thumb/v7-m/nofp\libg.a(lib_a-makebuf.o)
                0x0800994c                __smakebuf_r
 .text.malloc   0x080099e0       0x10 d:/gnu arm embedded toolchain/9 2019.9/bin/../lib/gcc/arm-none-eabi/9.2.1/../../../../arm-none-eabi/lib/thumb/v7-m/nofp\libg.a(lib_a-malloc.o)
                0x080099e0                malloc
 .text._malloc_r
                0x080099f0      0x55c d:/gnu arm embedded toolchain/9 2019.9/bin/../lib/gcc/arm-none-eabi/9.2.1/../../../../arm-none-eabi/lib/thumb/v7-m/nofp\libg.a(lib_a-mallocr.o)
                0x080099f0                _malloc_r
 .text.memchr   0x08009f4c       0x80 d:/gnu arm embedded toolchain/9 2019.9/bin/../lib/gcc/arm-none-eabi/9.2.1/../../../../arm-none-eabi/lib/thumb/v7-m/nofp\libg.a(lib_a-memchr-stub.o)
                0x08009f4c                memchr
 .text.__malloc_lock
                0x08009fcc        0xc d:/gnu arm embedded toolchain/9 2019.9/bin/../lib/gcc/arm-none-eabi/9.2.1/../../../../arm-none-eabi/lib/thumb/v7-m/nofp\libg.a(lib_a-mlock.o)
                0x08009fcc                __malloc_lock
 .text.__malloc_unlock
                0x08009fd8        0xc d:/gnu arm embedded toolchain/9 2019.9/bin/../lib/gcc/arm-none-eabi/9.2.1/../../../../arm-none-eabi/lib/thumb/v7-m/nofp\libg.a(lib_a-mlock.o)
                0x08009fd8                __malloc_unlock
 .text._Balloc  0x08009fe4       0x4c d:/gnu arm embedded toolchain/9 2019.9/bin/../lib/gcc/arm-none-eabi/9.2.1/../../../../arm-none-eabi/lib/thumb/v7-m/nofp\libg.a(lib_a-mprec.o)
                0x08009fe4                _Balloc
 .text._Bfree   0x0800a030       0x14 d:/gnu arm embedded toolchain/9 2019.9/bin/../lib/gcc/arm-none-eabi/9.2.1/../../../../arm-none-eabi/lib/thumb/v7-m/nofp\libg.a(lib_a-mprec.o)
                0x0800a030                _Bfree
 .text.__multadd
                0x0800a044       0x7c d:/gnu arm embedded toolchain/9 2019.9/bin/../lib/gcc/arm-none-eabi/9.2.1/../../../../arm-none-eabi/lib/thumb/v7-m/nofp\libg.a(lib_a-mprec.o)
                0x0800a044                __multadd
 .text.__hi0bits
                0x0800a0c0       0x40 d:/gnu arm embedded toolchain/9 2019.9/bin/../lib/gcc/arm-none-eabi/9.2.1/../../../../arm-none-eabi/lib/thumb/v7-m/nofp\libg.a(lib_a-mprec.o)
                0x0800a0c0                __hi0bits
 .text.__lo0bits
                0x0800a100       0x60 d:/gnu arm embedded toolchain/9 2019.9/bin/../lib/gcc/arm-none-eabi/9.2.1/../../../../arm-none-eabi/lib/thumb/v7-m/nofp\libg.a(lib_a-mprec.o)
                0x0800a100                __lo0bits
 .text.__i2b    0x0800a160       0x14 d:/gnu arm embedded toolchain/9 2019.9/bin/../lib/gcc/arm-none-eabi/9.2.1/../../../../arm-none-eabi/lib/thumb/v7-m/nofp\libg.a(lib_a-mprec.o)
                0x0800a160                __i2b
 .text.__multiply
                0x0800a174      0x144 d:/gnu arm embedded toolchain/9 2019.9/bin/../lib/gcc/arm-none-eabi/9.2.1/../../../../arm-none-eabi/lib/thumb/v7-m/nofp\libg.a(lib_a-mprec.o)
                0x0800a174                __multiply
 .text.__pow5mult
                0x0800a2b8       0xa0 d:/gnu arm embedded toolchain/9 2019.9/bin/../lib/gcc/arm-none-eabi/9.2.1/../../../../arm-none-eabi/lib/thumb/v7-m/nofp\libg.a(lib_a-mprec.o)
                0x0800a2b8                __pow5mult
 .text.__lshift
                0x0800a358       0xd0 d:/gnu arm embedded toolchain/9 2019.9/bin/../lib/gcc/arm-none-eabi/9.2.1/../../../../arm-none-eabi/lib/thumb/v7-m/nofp\libg.a(lib_a-mprec.o)
                0x0800a358                __lshift
 .text.__mcmp   0x0800a428       0x3c d:/gnu arm embedded toolchain/9 2019.9/bin/../lib/gcc/arm-none-eabi/9.2.1/../../../../arm-none-eabi/lib/thumb/v7-m/nofp\libg.a(lib_a-mprec.o)
                0x0800a428                __mcmp
 .text.__mdiff  0x0800a464      0x138 d:/gnu arm embedded toolchain/9 2019.9/bin/../lib/gcc/arm-none-eabi/9.2.1/../../../../arm-none-eabi/lib/thumb/v7-m/nofp\libg.a(lib_a-mprec.o)
                0x0800a464                __mdiff
 .text.__d2b    0x0800a59c       0xa8 d:/gnu arm embedded toolchain/9 2019.9/bin/../lib/gcc/arm-none-eabi/9.2.1/../../../../arm-none-eabi/lib/thumb/v7-m/nofp\libg.a(lib_a-mprec.o)
                0x0800a59c                __d2b
 .text._putc_r  0x0800a644       0x74 d:/gnu arm embedded toolchain/9 2019.9/bin/../lib/gcc/arm-none-eabi/9.2.1/../../../../arm-none-eabi/lib/thumb/v7-m/nofp\libg.a(lib_a-putc.o)
                0x0800a644                _putc_r
 .text.frexp    0x0800a6b8       0x70 d:/gnu arm embedded toolchain/9 2019.9/bin/../lib/gcc/arm-none-eabi/9.2.1/../../../../arm-none-eabi/lib/thumb/v7-m/nofp\libg.a(lib_a-s_frexp.o)
                0x0800a6b8                frexp
 .text._sbrk_r  0x0800a728       0x24 d:/gnu arm embedded toolchain/9 2019.9/bin/../lib/gcc/arm-none-eabi/9.2.1/../../../../arm-none-eabi/lib/thumb/v7-m/nofp\libg.a(lib_a-sbrkr.o)
                0x0800a728                _sbrk_r
 .text.__sread  0x0800a74c       0x24 d:/gnu arm embedded toolchain/9 2019.9/bin/../lib/gcc/arm-none-eabi/9.2.1/../../../../arm-none-eabi/lib/thumb/v7-m/nofp\libg.a(lib_a-stdio.o)
                0x0800a74c                __sread
 .text.__swrite
                0x0800a770       0x40 d:/gnu arm embedded toolchain/9 2019.9/bin/../lib/gcc/arm-none-eabi/9.2.1/../../../../arm-none-eabi/lib/thumb/v7-m/nofp\libg.a(lib_a-stdio.o)
                0x0800a770                __swrite
 .text.__sseek  0x0800a7b0       0x20 d:/gnu arm embedded toolchain/9 2019.9/bin/../lib/gcc/arm-none-eabi/9.2.1/../../../../arm-none-eabi/lib/thumb/v7-m/nofp\libg.a(lib_a-stdio.o)
                0x0800a7b0                __sseek
 .text.__sclose
                0x0800a7d0        0x8 d:/gnu arm embedded toolchain/9 2019.9/bin/../lib/gcc/arm-none-eabi/9.2.1/../../../../arm-none-eabi/lib/thumb/v7-m/nofp\libg.a(lib_a-stdio.o)
                0x0800a7d0                __sclose
 .text.strlen   0x0800a7d8       0x5c d:/gnu arm embedded toolchain/9 2019.9/bin/../lib/gcc/arm-none-eabi/9.2.1/../../../../arm-none-eabi/lib/thumb/v7-m/nofp\libg.a(lib_a-strlen-stub.o)
                0x0800a7d8                strlen
 .text.strncpy  0x0800a834       0x68 d:/gnu arm embedded toolchain/9 2019.9/bin/../lib/gcc/arm-none-eabi/9.2.1/../../../../arm-none-eabi/lib/thumb/v7-m/nofp\libg.a(lib_a-strncpy.o)
                0x0800a834                strncpy
 .text.__ssprint_r
                0x0800a89c       0xf8 d:/gnu arm embedded toolchain/9 2019.9/bin/../lib/gcc/arm-none-eabi/9.2.1/../../../../arm-none-eabi/lib/thumb/v7-m/nofp\libg.a(lib_a-svfiprintf.o)
                0x0800a89c                __ssprint_r
 .text.__sprint_r.part.0
                0x0800a994       0x78 d:/gnu arm embedded toolchain/9 2019.9/bin/../lib/gcc/arm-none-eabi/9.2.1/../../../../arm-none-eabi/lib/thumb/v7-m/nofp\libg.a(lib_a-vfiprintf.o)
 .text.__sprint_r
                0x0800aa0c       0x14 d:/gnu arm embedded toolchain/9 2019.9/bin/../lib/gcc/arm-none-eabi/9.2.1/../../../../arm-none-eabi/lib/thumb/v7-m/nofp\libg.a(lib_a-vfiprintf.o)
                0x0800aa0c                __sprint_r
 .text.__swbuf_r
                0x0800aa20       0xb0 d:/gnu arm embedded toolchain/9 2019.9/bin/../lib/gcc/arm-none-eabi/9.2.1/../../../../arm-none-eabi/lib/thumb/v7-m/nofp\libg.a(lib_a-wbuf.o)
                0x0800aa20                __swbuf_r
 .text._write_r
                0x0800aad0       0x2c d:/gnu arm embedded toolchain/9 2019.9/bin/../lib/gcc/arm-none-eabi/9.2.1/../../../../arm-none-eabi/lib/thumb/v7-m/nofp\libg.a(lib_a-writer.o)
                0x0800aad0                _write_r
 .text.__register_exitproc
                0x0800aafc       0x8c d:/gnu arm embedded toolchain/9 2019.9/bin/../lib/gcc/arm-none-eabi/9.2.1/../../../../arm-none-eabi/lib/thumb/v7-m/nofp\libg.a(lib_a-__atexit.o)
                0x0800aafc                __register_exitproc
 .text._calloc_r
                0x0800ab88       0x60 d:/gnu arm embedded toolchain/9 2019.9/bin/../lib/gcc/arm-none-eabi/9.2.1/../../../../arm-none-eabi/lib/thumb/v7-m/nofp\libg.a(lib_a-callocr.o)
                0x0800ab88                _calloc_r
 .text._close_r
                0x0800abe8       0x24 d:/gnu arm embedded toolchain/9 2019.9/bin/../lib/gcc/arm-none-eabi/9.2.1/../../../../arm-none-eabi/lib/thumb/v7-m/nofp\libg.a(lib_a-closer.o)
                0x0800abe8                _close_r
 .text._fclose_r
                0x0800ac0c       0xcc d:/gnu arm embedded toolchain/9 2019.9/bin/../lib/gcc/arm-none-eabi/9.2.1/../../../../arm-none-eabi/lib/thumb/v7-m/nofp\libg.a(lib_a-fclose.o)
                0x0800ac0c                _fclose_r
 .text.__fputwc
                0x0800acd8       0xa0 d:/gnu arm embedded toolchain/9 2019.9/bin/../lib/gcc/arm-none-eabi/9.2.1/../../../../arm-none-eabi/lib/thumb/v7-m/nofp\libg.a(lib_a-fputwc.o)
                0x0800acd8                __fputwc
 .text._fputwc_r
                0x0800ad78       0x68 d:/gnu arm embedded toolchain/9 2019.9/bin/../lib/gcc/arm-none-eabi/9.2.1/../../../../arm-none-eabi/lib/thumb/v7-m/nofp\libg.a(lib_a-fputwc.o)
                0x0800ad78                _fputwc_r
 .text._fstat_r
                0x0800ade0       0x2c d:/gnu arm embedded toolchain/9 2019.9/bin/../lib/gcc/arm-none-eabi/9.2.1/../../../../arm-none-eabi/lib/thumb/v7-m/nofp\libg.a(lib_a-fstatr.o)
                0x0800ade0                _fstat_r
 .text.__sfvwrite_r
                0x0800ae0c      0x2ec d:/gnu arm embedded toolchain/9 2019.9/bin/../lib/gcc/arm-none-eabi/9.2.1/../../../../arm-none-eabi/lib/thumb/v7-m/nofp\libg.a(lib_a-fvwrite.o)
                0x0800ae0c                __sfvwrite_r
 .text._isatty_r
                0x0800b0f8       0x24 d:/gnu arm embedded toolchain/9 2019.9/bin/../lib/gcc/arm-none-eabi/9.2.1/../../../../arm-none-eabi/lib/thumb/v7-m/nofp\libg.a(lib_a-isattyr.o)
                0x0800b0f8                _isatty_r
 .text.__locale_mb_cur_max
                0x0800b11c        0xc d:/gnu arm embedded toolchain/9 2019.9/bin/../lib/gcc/arm-none-eabi/9.2.1/../../../../arm-none-eabi/lib/thumb/v7-m/nofp\libg.a(lib_a-locale.o)
                0x0800b11c                __locale_mb_cur_max
 .text._lseek_r
                0x0800b128       0x2c d:/gnu arm embedded toolchain/9 2019.9/bin/../lib/gcc/arm-none-eabi/9.2.1/../../../../arm-none-eabi/lib/thumb/v7-m/nofp\libg.a(lib_a-lseekr.o)
                0x0800b128                _lseek_r
 .text.__ascii_mbtowc
                0x0800b154       0x2c d:/gnu arm embedded toolchain/9 2019.9/bin/../lib/gcc/arm-none-eabi/9.2.1/../../../../arm-none-eabi/lib/thumb/v7-m/nofp\libg.a(lib_a-mbtowc_r.o)
                0x0800b154                __ascii_mbtowc
 .text.memmove  0x0800b180       0xd4 d:/gnu arm embedded toolchain/9 2019.9/bin/../lib/gcc/arm-none-eabi/9.2.1/../../../../arm-none-eabi/lib/thumb/v7-m/nofp\libg.a(lib_a-memmove.o)
                0x0800b180                memmove
 .text._read_r  0x0800b254       0x2c d:/gnu arm embedded toolchain/9 2019.9/bin/../lib/gcc/arm-none-eabi/9.2.1/../../../../arm-none-eabi/lib/thumb/v7-m/nofp\libg.a(lib_a-readr.o)
                0x0800b254                _read_r
 .text._realloc_r
                0x0800b280      0x3e0 d:/gnu arm embedded toolchain/9 2019.9/bin/../lib/gcc/arm-none-eabi/9.2.1/../../../../arm-none-eabi/lib/thumb/v7-m/nofp\libg.a(lib_a-reallocr.o)
                0x0800b280                _realloc_r
 .text._wcrtomb_r
                0x0800b660       0x3c d:/gnu arm embedded toolchain/9 2019.9/bin/../lib/gcc/arm-none-eabi/9.2.1/../../../../arm-none-eabi/lib/thumb/v7-m/nofp\libg.a(lib_a-wcrtomb.o)
                0x0800b660                _wcrtomb_r
 .text.__ascii_wctomb
                0x0800b69c       0x1c d:/gnu arm embedded toolchain/9 2019.9/bin/../lib/gcc/arm-none-eabi/9.2.1/../../../../arm-none-eabi/lib/thumb/v7-m/nofp\libg.a(lib_a-wctomb_r.o)
                0x0800b69c                __ascii_wctomb
 *(.glue_7)
 .glue_7        0x0800b6b8        0x0 linker stubs
 *(.glue_7t)
 .glue_7t       0x0800b6b8        0x0 linker stubs
 *(.eh_frame)
 .eh_frame      0x0800b6b8        0x0 d:/gnu arm embedded toolchain/9 2019.9/bin/../lib/gcc/arm-none-eabi/9.2.1/thumb/v7-m/nofp/crtbegin.o
 *(.init)
 .init          0x0800b6b8        0x4 d:/gnu arm embedded toolchain/9 2019.9/bin/../lib/gcc/arm-none-eabi/9.2.1/thumb/v7-m/nofp/crti.o
                0x0800b6b8                _init
 .init          0x0800b6bc        0x8 d:/gnu arm embedded toolchain/9 2019.9/bin/../lib/gcc/arm-none-eabi/9.2.1/thumb/v7-m/nofp/crtn.o
 *(.fini)
 .fini          0x0800b6c4        0x4 d:/gnu arm embedded toolchain/9 2019.9/bin/../lib/gcc/arm-none-eabi/9.2.1/thumb/v7-m/nofp/crti.o
                0x0800b6c4                _fini
 .fini          0x0800b6c8        0x8 d:/gnu arm embedded toolchain/9 2019.9/bin/../lib/gcc/arm-none-eabi/9.2.1/thumb/v7-m/nofp/crtn.o
                0x0800b6d0                . = ALIGN (0x4)
                0x0800b6d0                _etext = .

.vfp11_veneer   0x0800b6d0        0x0
 .vfp11_veneer  0x0800b6d0        0x0 linker stubs

.v4_bx          0x0800b6d0        0x0
 .v4_bx         0x0800b6d0        0x0 linker stubs

.iplt           0x0800b6d0        0x0
 .iplt          0x0800b6d0        0x0 d:/gnu arm embedded toolchain/9 2019.9/bin/../lib/gcc/arm-none-eabi/9.2.1/thumb/v7-m/nofp/crtbegin.o

.rodata         0x0800b6d0     0x1af0
                0x0800b6d0                . = ALIGN (0x4)
 *(.rodata)
 *(.rodata*)
 .rodata.HAL_RCC_GetSysClockFreq.str1.4
                0x0800b6d0       0x11 CMakeFiles/f103c8t6.elf.dir/Drivers/STM32F1xx_HAL_Driver/Src/stm32f1xx_hal_rcc.c.obj
 .rodata.HAL_RCCEx_GetPeriphCLKFreq.str1.4
                0x0800b6e1       0x11 CMakeFiles/f103c8t6.elf.dir/Drivers/STM32F1xx_HAL_Driver/Src/stm32f1xx_hal_rcc_ex.c.obj
 *fill*         0x0800b6e1        0x3 
 .rodata.main.str1.4
                0x0800b6e4       0x54 CMakeFiles/f103c8t6.elf.dir/Src/main.c.obj
 .rodata.OLED_ShowFloat.str1.4
                0x0800b738        0x6 CMakeFiles/f103c8t6.elf.dir/Src/oled.c.obj
 *fill*         0x0800b73e        0x2 
 .rodata.asc2_1206
                0x0800b740      0x474 CMakeFiles/f103c8t6.elf.dir/Src/oled.c.obj
                0x0800b740                asc2_1206
 .rodata.asc2_1608
                0x0800bbb4      0x5f0 CMakeFiles/f103c8t6.elf.dir/Src/oled.c.obj
                0x0800bbb4                asc2_1608
 .rodata.asc2_2412
                0x0800c1a4      0xd5c CMakeFiles/f103c8t6.elf.dir/Src/oled.c.obj
                0x0800c1a4                asc2_2412
 .rodata.AHBPrescTable
                0x0800cf00       0x10 CMakeFiles/f103c8t6.elf.dir/Src/system_stm32f1xx.c.obj
                0x0800cf00                AHBPrescTable
 .rodata.APBPrescTable
                0x0800cf10        0x8 CMakeFiles/f103c8t6.elf.dir/Src/system_stm32f1xx.c.obj
                0x0800cf10                APBPrescTable
 .rodata._global_impure_ptr
                0x0800cf18        0x4 d:/gnu arm embedded toolchain/9 2019.9/bin/../lib/gcc/arm-none-eabi/9.2.1/../../../../arm-none-eabi/lib/thumb/v7-m/nofp\libg.a(lib_a-impure.o)
                0x0800cf18                _global_impure_ptr
 .rodata._svfprintf_r.str1.4
                0x0800cf1c       0x42 d:/gnu arm embedded toolchain/9 2019.9/bin/../lib/gcc/arm-none-eabi/9.2.1/../../../../arm-none-eabi/lib/thumb/v7-m/nofp\libg.a(lib_a-svfprintf.o)
 *fill*         0x0800cf5e        0x2 
 .rodata.blanks.7345
                0x0800cf60       0x10 d:/gnu arm embedded toolchain/9 2019.9/bin/../lib/gcc/arm-none-eabi/9.2.1/../../../../arm-none-eabi/lib/thumb/v7-m/nofp\libg.a(lib_a-svfprintf.o)
 .rodata.zeroes.7346
                0x0800cf70       0x10 d:/gnu arm embedded toolchain/9 2019.9/bin/../lib/gcc/arm-none-eabi/9.2.1/../../../../arm-none-eabi/lib/thumb/v7-m/nofp\libg.a(lib_a-svfprintf.o)
 .rodata._vfprintf_r.str1.4
                0x0800cf80       0x42 d:/gnu arm embedded toolchain/9 2019.9/bin/../lib/gcc/arm-none-eabi/9.2.1/../../../../arm-none-eabi/lib/thumb/v7-m/nofp\libg.a(lib_a-vfprintf.o)
 .rodata.blanks.7360
                0x0800cf80       0x10 d:/gnu arm embedded toolchain/9 2019.9/bin/../lib/gcc/arm-none-eabi/9.2.1/../../../../arm-none-eabi/lib/thumb/v7-m/nofp\libg.a(lib_a-vfprintf.o)
 .rodata.zeroes.7361
                0x0800cf90       0x10 d:/gnu arm embedded toolchain/9 2019.9/bin/../lib/gcc/arm-none-eabi/9.2.1/../../../../arm-none-eabi/lib/thumb/v7-m/nofp\libg.a(lib_a-vfprintf.o)
 .rodata._dtoa_r.str1.4
                0x0800cfa0        0xd d:/gnu arm embedded toolchain/9 2019.9/bin/../lib/gcc/arm-none-eabi/9.2.1/../../../../arm-none-eabi/lib/thumb/v7-m/nofp\libg.a(lib_a-dtoa.o)
                                 0x12 (size before relaxing)
 *fill*         0x0800cfad        0x3 
 .rodata.__mprec_bigtens
                0x0800cfb0       0x28 d:/gnu arm embedded toolchain/9 2019.9/bin/../lib/gcc/arm-none-eabi/9.2.1/../../../../arm-none-eabi/lib/thumb/v7-m/nofp\libg.a(lib_a-mprec.o)
                0x0800cfb0                __mprec_bigtens
 .rodata.__mprec_tens
                0x0800cfd8       0xc8 d:/gnu arm embedded toolchain/9 2019.9/bin/../lib/gcc/arm-none-eabi/9.2.1/../../../../arm-none-eabi/lib/thumb/v7-m/nofp\libg.a(lib_a-mprec.o)
                0x0800cfd8                __mprec_tens
 .rodata.p05.6115
                0x0800d0a0        0xc d:/gnu arm embedded toolchain/9 2019.9/bin/../lib/gcc/arm-none-eabi/9.2.1/../../../../arm-none-eabi/lib/thumb/v7-m/nofp\libg.a(lib_a-mprec.o)
 .rodata._setlocale_r.str1.4
                0x0800d0ac        0xa d:/gnu arm embedded toolchain/9 2019.9/bin/../lib/gcc/arm-none-eabi/9.2.1/../../../../arm-none-eabi/lib/thumb/v7-m/nofp\libg.a(lib_a-locale.o)
                                  0xd (size before relaxing)
 *fill*         0x0800d0b6        0x2 
 .rodata.str1.4
                0x0800d0b8        0x2 d:/gnu arm embedded toolchain/9 2019.9/bin/../lib/gcc/arm-none-eabi/9.2.1/../../../../arm-none-eabi/lib/thumb/v7-m/nofp\libg.a(lib_a-locale.o)
 *fill*         0x0800d0ba        0x2 
 .rodata._ctype_
                0x0800d0bc      0x101 d:/gnu arm embedded toolchain/9 2019.9/bin/../lib/gcc/arm-none-eabi/9.2.1/../../../../arm-none-eabi/lib/thumb/v7-m/nofp\libg.a(lib_a-ctype_.o)
                0x0800d0bc                _ctype_
                0x0800d1c0                . = ALIGN (0x4)
 *fill*         0x0800d1bd        0x3 

.ARM.extab
 *(.ARM.extab* .gnu.linkonce.armextab.*)

.ARM            0x0800d1c0        0x8
                0x0800d1c0                __exidx_start = .
 *(.ARM.exidx*)
 .ARM.exidx     0x0800d1c0        0x8 d:/gnu arm embedded toolchain/9 2019.9/bin/../lib/gcc/arm-none-eabi/9.2.1/thumb/v7-m/nofp\libgcc.a(_udivmoddi4.o)
                0x0800d1c8                __exidx_end = .

.rel.dyn        0x0800d1c8        0x0
 .rel.iplt      0x0800d1c8        0x0 d:/gnu arm embedded toolchain/9 2019.9/bin/../lib/gcc/arm-none-eabi/9.2.1/thumb/v7-m/nofp/crtbegin.o

.preinit_array  0x0800d1c8        0x0
                0x0800d1c8                PROVIDE (__preinit_array_start = .)
 *(.preinit_array*)
                0x0800d1c8                PROVIDE (__preinit_array_end = .)

.init_array     0x0800d1c8        0x8
                0x0800d1c8                PROVIDE (__init_array_start = .)
 *(SORT_BY_NAME(.init_array.*))
 .init_array.00000
                0x0800d1c8        0x4 d:/gnu arm embedded toolchain/9 2019.9/bin/../lib/gcc/arm-none-eabi/9.2.1/../../../../arm-none-eabi/lib/thumb/v7-m/nofp\libg.a(lib_a-__call_atexit.o)
 *(.init_array*)
 .init_array    0x0800d1cc        0x4 d:/gnu arm embedded toolchain/9 2019.9/bin/../lib/gcc/arm-none-eabi/9.2.1/thumb/v7-m/nofp/crtbegin.o
                0x0800d1d0                PROVIDE (__init_array_end = .)

.fini_array     0x0800d1d0        0x4
                0x0800d1d0                PROVIDE (__fini_array_start = .)
 *(SORT_BY_NAME(.fini_array.*))
 *(.fini_array*)
 .fini_array    0x0800d1d0        0x4 d:/gnu arm embedded toolchain/9 2019.9/bin/../lib/gcc/arm-none-eabi/9.2.1/thumb/v7-m/nofp/crtbegin.o
                0x0800d1d4                PROVIDE (__fini_array_end = .)
                0x0800d1d4                _sidata = LOADADDR (.data)

.data           0x20000000     0x1d18 load address 0x0800d1d4
                0x20000000                . = ALIGN (0x4)
                0x20000000                _sdata = .
 *(.data)
 *(.data*)
 .data.uwTickFreq
                0x20000000        0x1 CMakeFiles/f103c8t6.elf.dir/Drivers/STM32F1xx_HAL_Driver/Src/stm32f1xx_hal.c.obj
                0x20000000                uwTickFreq
 *fill*         0x20000001        0x3 
 .data.uwTickPrio
                0x20000004        0x4 CMakeFiles/f103c8t6.elf.dir/Drivers/STM32F1xx_HAL_Driver/Src/stm32f1xx_hal.c.obj
                0x20000004                uwTickPrio
 .data.v_min    0x20000008        0x8 CMakeFiles/f103c8t6.elf.dir/Src/main.c.obj
                0x20000008                v_min
 .data.Hzk1     0x20000010       0x80 CMakeFiles/f103c8t6.elf.dir/Src/oled.c.obj
                0x20000010                Hzk1
 .data.Hzk2     0x20000090       0xd8 CMakeFiles/f103c8t6.elf.dir/Src/oled.c.obj
                0x20000090                Hzk2
 .data.Hzk3     0x20000168      0x200 CMakeFiles/f103c8t6.elf.dir/Src/oled.c.obj
                0x20000168                Hzk3
 .data.Hzk4     0x20000368     0x1000 CMakeFiles/f103c8t6.elf.dir/Src/oled.c.obj
                0x20000368                Hzk4
 .data.SystemCoreClock
                0x20001368        0x4 CMakeFiles/f103c8t6.elf.dir/Src/system_stm32f1xx.c.obj
                0x20001368                SystemCoreClock
 .data._impure_ptr
                0x2000136c        0x4 d:/gnu arm embedded toolchain/9 2019.9/bin/../lib/gcc/arm-none-eabi/9.2.1/../../../../arm-none-eabi/lib/thumb/v7-m/nofp\libg.a(lib_a-impure.o)
                0x2000136c                _impure_ptr
 .data.impure_data
                0x20001370      0x428 d:/gnu arm embedded toolchain/9 2019.9/bin/../lib/gcc/arm-none-eabi/9.2.1/../../../../arm-none-eabi/lib/thumb/v7-m/nofp\libg.a(lib_a-impure.o)
 .data.__atexit_recursive_mutex
                0x20001798        0x4 d:/gnu arm embedded toolchain/9 2019.9/bin/../lib/gcc/arm-none-eabi/9.2.1/../../../../arm-none-eabi/lib/thumb/v7-m/nofp\libg.a(lib_a-__call_atexit.o)
                0x20001798                __atexit_recursive_mutex
 .data.__malloc_av_
                0x2000179c      0x408 d:/gnu arm embedded toolchain/9 2019.9/bin/../lib/gcc/arm-none-eabi/9.2.1/../../../../arm-none-eabi/lib/thumb/v7-m/nofp\libg.a(lib_a-mallocr.o)
                0x2000179c                __malloc_av_
 .data.__malloc_sbrk_base
                0x20001ba4        0x4 d:/gnu arm embedded toolchain/9 2019.9/bin/../lib/gcc/arm-none-eabi/9.2.1/../../../../arm-none-eabi/lib/thumb/v7-m/nofp\libg.a(lib_a-mallocr.o)
                0x20001ba4                __malloc_sbrk_base
 .data.__malloc_trim_threshold
                0x20001ba8        0x4 d:/gnu arm embedded toolchain/9 2019.9/bin/../lib/gcc/arm-none-eabi/9.2.1/../../../../arm-none-eabi/lib/thumb/v7-m/nofp\libg.a(lib_a-mallocr.o)
                0x20001ba8                __malloc_trim_threshold
 .data.__global_locale
                0x20001bac      0x16c d:/gnu arm embedded toolchain/9 2019.9/bin/../lib/gcc/arm-none-eabi/9.2.1/../../../../arm-none-eabi/lib/thumb/v7-m/nofp\libg.a(lib_a-locale.o)
                0x20001bac                __global_locale
                0x20001d18                . = ALIGN (0x4)
                0x20001d18                _edata = .

.igot.plt       0x20001d18        0x0 load address 0x0800eeec
 .igot.plt      0x20001d18        0x0 d:/gnu arm embedded toolchain/9 2019.9/bin/../lib/gcc/arm-none-eabi/9.2.1/thumb/v7-m/nofp/crtbegin.o
                0x20001d18                . = ALIGN (0x4)

.bss            0x20001d18      0x6a4 load address 0x0800eeec
                0x20001d18                _sbss = .
                0x20001d18                __bss_start__ = _sbss
 *(.bss)
 .bss           0x20001d18       0x1c d:/gnu arm embedded toolchain/9 2019.9/bin/../lib/gcc/arm-none-eabi/9.2.1/thumb/v7-m/nofp/crtbegin.o
 *(.bss*)
 .bss.uwTick    0x20001d34        0x4 CMakeFiles/f103c8t6.elf.dir/Drivers/STM32F1xx_HAL_Driver/Src/stm32f1xx_hal.c.obj
                0x20001d34                uwTick
 .bss.hadc1     0x20001d38       0x30 CMakeFiles/f103c8t6.elf.dir/Src/adc.c.obj
                0x20001d38                hadc1
 .bss.hdma_adc1
                0x20001d68       0x44 CMakeFiles/f103c8t6.elf.dir/Src/adc.c.obj
                0x20001d68                hdma_adc1
 .bss.hi2c1     0x20001dac       0x54 CMakeFiles/f103c8t6.elf.dir/Src/i2c.c.obj
                0x20001dac                hi2c1
 .bss.ADC_Values
                0x20001e00        0x6 CMakeFiles/f103c8t6.elf.dir/Src/main.c.obj
                0x20001e00                ADC_Values
 .bss.adc_value_flg
                0x20001e06        0x2 CMakeFiles/f103c8t6.elf.dir/Src/main.c.obj
                0x20001e06                adc_value_flg
 .bss.fb        0x20001e08        0x1 CMakeFiles/f103c8t6.elf.dir/Src/main.c.obj
                0x20001e08                fb
 *fill*         0x20001e09        0x7 
 .bss.ff        0x20001e10        0x8 CMakeFiles/f103c8t6.elf.dir/Src/main.c.obj
                0x20001e10                ff
 .bss.ft        0x20001e18        0x8 CMakeFiles/f103c8t6.elf.dir/Src/main.c.obj
                0x20001e18                ft
 .bss.sb        0x20001e20        0x1 CMakeFiles/f103c8t6.elf.dir/Src/main.c.obj
                0x20001e20                sb
 *fill*         0x20001e21        0x7 
 .bss.v_max     0x20001e28        0x8 CMakeFiles/f103c8t6.elf.dir/Src/main.c.obj
                0x20001e28                v_max
 .bss.vpp       0x20001e30        0x8 CMakeFiles/f103c8t6.elf.dir/Src/main.c.obj
                0x20001e30                vpp
 .bss.zb        0x20001e38        0x1 CMakeFiles/f103c8t6.elf.dir/Src/main.c.obj
                0x20001e38                zb
 *fill*         0x20001e39        0x3 
 .bss.OLED_GRAM
                0x20001e3c      0x480 CMakeFiles/f103c8t6.elf.dir/Src/oled.c.obj
                0x20001e3c                OLED_GRAM
 .bss.gHuart    0x200022bc        0x4 CMakeFiles/f103c8t6.elf.dir/Src/retarget.c.obj
                0x200022bc                gHuart
 .bss.heap_end.6023
                0x200022c0        0x4 CMakeFiles/f103c8t6.elf.dir/Src/syscalls.c.obj
 .bss.htim2     0x200022c4       0x48 CMakeFiles/f103c8t6.elf.dir/Src/tim.c.obj
                0x200022c4                htim2
 .bss.huart1    0x2000230c       0x44 CMakeFiles/f103c8t6.elf.dir/Src/usart.c.obj
                0x2000230c                huart1
 .bss.fi        0x20002350        0x4 CMakeFiles/f103c8t6.elf.dir/Src/valuepack.c.obj
                0x20002350                fi
 .bss.valuepack_stage
                0x20002354        0x1 CMakeFiles/f103c8t6.elf.dir/Src/valuepack.c.obj
                0x20002354                valuepack_stage
 .bss.valuepack_tx_bit_index
                0x20002355        0x1 CMakeFiles/f103c8t6.elf.dir/Src/valuepack.c.obj
                0x20002355                valuepack_tx_bit_index
 *fill*         0x20002356        0x2 
 .bss.valuepack_tx_buffer
                0x20002358        0x4 CMakeFiles/f103c8t6.elf.dir/Src/valuepack.c.obj
                0x20002358                valuepack_tx_buffer
 .bss.valuepack_tx_index
                0x2000235c        0x2 CMakeFiles/f103c8t6.elf.dir/Src/valuepack.c.obj
                0x2000235c                valuepack_tx_index
 *fill*         0x2000235e        0x2 
 .bss.__malloc_current_mallinfo
                0x20002360       0x28 d:/gnu arm embedded toolchain/9 2019.9/bin/../lib/gcc/arm-none-eabi/9.2.1/../../../../arm-none-eabi/lib/thumb/v7-m/nofp\libg.a(lib_a-mallocr.o)
                0x20002360                __malloc_current_mallinfo
 .bss.__malloc_max_sbrked_mem
                0x20002388        0x4 d:/gnu arm embedded toolchain/9 2019.9/bin/../lib/gcc/arm-none-eabi/9.2.1/../../../../arm-none-eabi/lib/thumb/v7-m/nofp\libg.a(lib_a-mallocr.o)
                0x20002388                __malloc_max_sbrked_mem
 .bss.__malloc_max_total_mem
                0x2000238c        0x4 d:/gnu arm embedded toolchain/9 2019.9/bin/../lib/gcc/arm-none-eabi/9.2.1/../../../../arm-none-eabi/lib/thumb/v7-m/nofp\libg.a(lib_a-mallocr.o)
                0x2000238c                __malloc_max_total_mem
 .bss.__malloc_top_pad
                0x20002390        0x4 d:/gnu arm embedded toolchain/9 2019.9/bin/../lib/gcc/arm-none-eabi/9.2.1/../../../../arm-none-eabi/lib/thumb/v7-m/nofp\libg.a(lib_a-mallocr.o)
                0x20002390                __malloc_top_pad
 *(COMMON)
 COMMON         0x20002394       0x21 d:/gnu arm embedded toolchain/9 2019.9/bin/../lib/gcc/arm-none-eabi/9.2.1/../../../../arm-none-eabi/lib/thumb/v7-m/nofp\libg.a(lib_a-lock.o)
                0x20002394                __lock___atexit_recursive_mutex
                0x20002398                __lock___arc4random_mutex
                0x2000239c                __lock___env_recursive_mutex
                0x200023a0                __lock___sinit_recursive_mutex
                0x200023a4                __lock___malloc_recursive_mutex
                0x200023a8                __lock___at_quick_exit_mutex
                0x200023ac                __lock___dd_hash_mutex
                0x200023b0                __lock___tz_mutex
                0x200023b4                __lock___sfp_recursive_mutex
 *fill*         0x200023b5        0x3 
 COMMON         0x200023b8        0x4 d:/gnu arm embedded toolchain/9 2019.9/bin/../lib/gcc/arm-none-eabi/9.2.1/../../../../arm-none-eabi/lib/thumb/v7-m/nofp\libg.a(lib_a-reent.o)
                0x200023b8                errno
                0x200023bc                . = ALIGN (0x4)
                0x200023bc                _ebss = .
                0x200023bc                __bss_end__ = _ebss

._user_heap_stack
                0x200023bc      0x604 load address 0x0800eeec
                0x200023c0                . = ALIGN (0x8)
 *fill*         0x200023bc        0x4 
                0x200023c0                PROVIDE (end = .)
                [!provide]                PROVIDE (_end = .)
                0x200025c0                . = (. + _Min_Heap_Size)
 *fill*         0x200023c0      0x200 
                0x200029c0                . = (. + _Min_Stack_Size)
 *fill*         0x200025c0      0x400 
                0x200029c0                . = ALIGN (0x8)

/DISCARD/
 libc.a(*)
 libm.a(*)
 libgcc.a(*)

.ARM.attributes
                0x00000000       0x29
 *(.ARM.attributes)
 .ARM.attributes
                0x00000000       0x1d d:/gnu arm embedded toolchain/9 2019.9/bin/../lib/gcc/arm-none-eabi/9.2.1/thumb/v7-m/nofp/crti.o
 .ARM.attributes
                0x0000001d       0x2d d:/gnu arm embedded toolchain/9 2019.9/bin/../lib/gcc/arm-none-eabi/9.2.1/thumb/v7-m/nofp/crtbegin.o
 .ARM.attributes
                0x0000004a       0x2d CMakeFiles/f103c8t6.elf.dir/Drivers/STM32F1xx_HAL_Driver/Src/stm32f1xx_hal.c.obj
 .ARM.attributes
                0x00000077       0x2d CMakeFiles/f103c8t6.elf.dir/Drivers/STM32F1xx_HAL_Driver/Src/stm32f1xx_hal_adc.c.obj
 .ARM.attributes
                0x000000a4       0x2d CMakeFiles/f103c8t6.elf.dir/Drivers/STM32F1xx_HAL_Driver/Src/stm32f1xx_hal_adc_ex.c.obj
 .ARM.attributes
                0x000000d1       0x2d CMakeFiles/f103c8t6.elf.dir/Drivers/STM32F1xx_HAL_Driver/Src/stm32f1xx_hal_cortex.c.obj
 .ARM.attributes
                0x000000fe       0x2d CMakeFiles/f103c8t6.elf.dir/Drivers/STM32F1xx_HAL_Driver/Src/stm32f1xx_hal_dma.c.obj
 .ARM.attributes
                0x0000012b       0x2d CMakeFiles/f103c8t6.elf.dir/Drivers/STM32F1xx_HAL_Driver/Src/stm32f1xx_hal_gpio.c.obj
 .ARM.attributes
                0x00000158       0x2d CMakeFiles/f103c8t6.elf.dir/Drivers/STM32F1xx_HAL_Driver/Src/stm32f1xx_hal_i2c.c.obj
 .ARM.attributes
                0x00000185       0x2d CMakeFiles/f103c8t6.elf.dir/Drivers/STM32F1xx_HAL_Driver/Src/stm32f1xx_hal_rcc.c.obj
 .ARM.attributes
                0x000001b2       0x2d CMakeFiles/f103c8t6.elf.dir/Drivers/STM32F1xx_HAL_Driver/Src/stm32f1xx_hal_rcc_ex.c.obj
 .ARM.attributes
                0x000001df       0x2d CMakeFiles/f103c8t6.elf.dir/Drivers/STM32F1xx_HAL_Driver/Src/stm32f1xx_hal_tim.c.obj
 .ARM.attributes
                0x0000020c       0x2d CMakeFiles/f103c8t6.elf.dir/Drivers/STM32F1xx_HAL_Driver/Src/stm32f1xx_hal_tim_ex.c.obj
 .ARM.attributes
                0x00000239       0x2d CMakeFiles/f103c8t6.elf.dir/Drivers/STM32F1xx_HAL_Driver/Src/stm32f1xx_hal_uart.c.obj
 .ARM.attributes
                0x00000266       0x2d CMakeFiles/f103c8t6.elf.dir/Src/adc.c.obj
 .ARM.attributes
                0x00000293       0x2d CMakeFiles/f103c8t6.elf.dir/Src/dma.c.obj
 .ARM.attributes
                0x000002c0       0x2d CMakeFiles/f103c8t6.elf.dir/Src/gpio.c.obj
 .ARM.attributes
                0x000002ed       0x2d CMakeFiles/f103c8t6.elf.dir/Src/i2c.c.obj
 .ARM.attributes
                0x0000031a       0x2d CMakeFiles/f103c8t6.elf.dir/Src/main.c.obj
 .ARM.attributes
                0x00000347       0x2d CMakeFiles/f103c8t6.elf.dir/Src/oled.c.obj
 .ARM.attributes
                0x00000374       0x2d CMakeFiles/f103c8t6.elf.dir/Src/retarget.c.obj
 .ARM.attributes
                0x000003a1       0x2d CMakeFiles/f103c8t6.elf.dir/Src/stm32f1xx_hal_msp.c.obj
 .ARM.attributes
                0x000003ce       0x2d CMakeFiles/f103c8t6.elf.dir/Src/stm32f1xx_it.c.obj
 .ARM.attributes
                0x000003fb       0x2d CMakeFiles/f103c8t6.elf.dir/Src/syscalls.c.obj
 .ARM.attributes
                0x00000428       0x2d CMakeFiles/f103c8t6.elf.dir/Src/system_stm32f1xx.c.obj
 .ARM.attributes
                0x00000455       0x2d CMakeFiles/f103c8t6.elf.dir/Src/tim.c.obj
 .ARM.attributes
                0x00000482       0x2d CMakeFiles/f103c8t6.elf.dir/Src/usart.c.obj
 .ARM.attributes
                0x000004af       0x2d CMakeFiles/f103c8t6.elf.dir/Src/valuepack.c.obj
 .ARM.attributes
                0x000004dc       0x21 CMakeFiles/f103c8t6.elf.dir/startup/startup_stm32f103xb.s.obj
 .ARM.attributes
                0x000004fd       0x1d d:/gnu arm embedded toolchain/9 2019.9/bin/../lib/gcc/arm-none-eabi/9.2.1/thumb/v7-m/nofp\libgcc.a(_arm_mulsf3.o)
 .ARM.attributes
                0x0000051a       0x1d d:/gnu arm embedded toolchain/9 2019.9/bin/../lib/gcc/arm-none-eabi/9.2.1/thumb/v7-m/nofp\libgcc.a(_arm_addsubdf3.o)
 .ARM.attributes
                0x00000537       0x1d d:/gnu arm embedded toolchain/9 2019.9/bin/../lib/gcc/arm-none-eabi/9.2.1/thumb/v7-m/nofp\libgcc.a(_arm_cmpdf2.o)
 .ARM.attributes
                0x00000554       0x1d d:/gnu arm embedded toolchain/9 2019.9/bin/../lib/gcc/arm-none-eabi/9.2.1/thumb/v7-m/nofp\libgcc.a(_arm_truncdfsf2.o)
 .ARM.attributes
                0x00000571       0x1d d:/gnu arm embedded toolchain/9 2019.9/bin/../lib/gcc/arm-none-eabi/9.2.1/thumb/v7-m/nofp\libgcc.a(_arm_addsubsf3.o)
 .ARM.attributes
                0x0000058e       0x2d d:/gnu arm embedded toolchain/9 2019.9/bin/../lib/gcc/arm-none-eabi/9.2.1/../../../../arm-none-eabi/lib/thumb/v7-m/nofp\libg.a(lib_a-errno.o)
 .ARM.attributes
                0x000005bb       0x2d d:/gnu arm embedded toolchain/9 2019.9/bin/../lib/gcc/arm-none-eabi/9.2.1/../../../../arm-none-eabi/lib/thumb/v7-m/nofp\libg.a(lib_a-impure.o)
 .ARM.attributes
                0x000005e8       0x2d d:/gnu arm embedded toolchain/9 2019.9/bin/../lib/gcc/arm-none-eabi/9.2.1/../../../../arm-none-eabi/lib/thumb/v7-m/nofp\libg.a(lib_a-init.o)
 .ARM.attributes
                0x00000615       0x2d d:/gnu arm embedded toolchain/9 2019.9/bin/../lib/gcc/arm-none-eabi/9.2.1/../../../../arm-none-eabi/lib/thumb/v7-m/nofp\libg.a(lib_a-memset.o)
 .ARM.attributes
                0x00000642       0x2d d:/gnu arm embedded toolchain/9 2019.9/bin/../lib/gcc/arm-none-eabi/9.2.1/../../../../arm-none-eabi/lib/thumb/v7-m/nofp\libg.a(lib_a-printf.o)
 .ARM.attributes
                0x0000066f       0x2d d:/gnu arm embedded toolchain/9 2019.9/bin/../lib/gcc/arm-none-eabi/9.2.1/../../../../arm-none-eabi/lib/thumb/v7-m/nofp\libg.a(lib_a-putchar.o)
 .ARM.attributes
                0x0000069c       0x2d d:/gnu arm embedded toolchain/9 2019.9/bin/../lib/gcc/arm-none-eabi/9.2.1/../../../../arm-none-eabi/lib/thumb/v7-m/nofp\libg.a(lib_a-setvbuf.o)
 .ARM.attributes
                0x000006c9       0x2d d:/gnu arm embedded toolchain/9 2019.9/bin/../lib/gcc/arm-none-eabi/9.2.1/../../../../arm-none-eabi/lib/thumb/v7-m/nofp\libg.a(lib_a-sprintf.o)
 .ARM.attributes
                0x000006f6       0x2d d:/gnu arm embedded toolchain/9 2019.9/bin/../lib/gcc/arm-none-eabi/9.2.1/../../../../arm-none-eabi/lib/thumb/v7-m/nofp\libg.a(lib_a-svfprintf.o)
 .ARM.attributes
                0x00000723       0x2d d:/gnu arm embedded toolchain/9 2019.9/bin/../lib/gcc/arm-none-eabi/9.2.1/../../../../arm-none-eabi/lib/thumb/v7-m/nofp\libg.a(lib_a-vfprintf.o)
 .ARM.attributes
                0x00000750       0x2d d:/gnu arm embedded toolchain/9 2019.9/bin/../lib/gcc/arm-none-eabi/9.2.1/../../../../arm-none-eabi/lib/thumb/v7-m/nofp\libg.a(lib_a-wsetup.o)
 .ARM.attributes
                0x0000077d       0x2d d:/gnu arm embedded toolchain/9 2019.9/bin/../lib/gcc/arm-none-eabi/9.2.1/../../../../arm-none-eabi/lib/thumb/v7-m/nofp\libg.a(lib_a-__call_atexit.o)
 .ARM.attributes
                0x000007aa       0x2d d:/gnu arm embedded toolchain/9 2019.9/bin/../lib/gcc/arm-none-eabi/9.2.1/../../../../arm-none-eabi/lib/thumb/v7-m/nofp\libg.a(lib_a-atexit.o)
 .ARM.attributes
                0x000007d7       0x2d d:/gnu arm embedded toolchain/9 2019.9/bin/../lib/gcc/arm-none-eabi/9.2.1/../../../../arm-none-eabi/lib/thumb/v7-m/nofp\libg.a(lib_a-dtoa.o)
 .ARM.attributes
                0x00000804       0x2d d:/gnu arm embedded toolchain/9 2019.9/bin/../lib/gcc/arm-none-eabi/9.2.1/../../../../arm-none-eabi/lib/thumb/v7-m/nofp\libg.a(lib_a-fflush.o)
 .ARM.attributes
                0x00000831       0x2d d:/gnu arm embedded toolchain/9 2019.9/bin/../lib/gcc/arm-none-eabi/9.2.1/../../../../arm-none-eabi/lib/thumb/v7-m/nofp\libg.a(lib_a-findfp.o)
 .ARM.attributes
                0x0000085e       0x2d d:/gnu arm embedded toolchain/9 2019.9/bin/../lib/gcc/arm-none-eabi/9.2.1/../../../../arm-none-eabi/lib/thumb/v7-m/nofp\libg.a(lib_a-fini.o)
 .ARM.attributes
                0x0000088b       0x2d d:/gnu arm embedded toolchain/9 2019.9/bin/../lib/gcc/arm-none-eabi/9.2.1/../../../../arm-none-eabi/lib/thumb/v7-m/nofp\libg.a(lib_a-freer.o)
 .ARM.attributes
                0x000008b8       0x2d d:/gnu arm embedded toolchain/9 2019.9/bin/../lib/gcc/arm-none-eabi/9.2.1/../../../../arm-none-eabi/lib/thumb/v7-m/nofp\libg.a(lib_a-fwalk.o)
 .ARM.attributes
                0x000008e5       0x2d d:/gnu arm embedded toolchain/9 2019.9/bin/../lib/gcc/arm-none-eabi/9.2.1/../../../../arm-none-eabi/lib/thumb/v7-m/nofp\libg.a(lib_a-localeconv.o)
 .ARM.attributes
                0x00000912       0x2d d:/gnu arm embedded toolchain/9 2019.9/bin/../lib/gcc/arm-none-eabi/9.2.1/../../../../arm-none-eabi/lib/thumb/v7-m/nofp\libg.a(lib_a-lock.o)
 .ARM.attributes
                0x0000093f       0x2d d:/gnu arm embedded toolchain/9 2019.9/bin/../lib/gcc/arm-none-eabi/9.2.1/../../../../arm-none-eabi/lib/thumb/v7-m/nofp\libg.a(lib_a-makebuf.o)
 .ARM.attributes
                0x0000096c       0x2d d:/gnu arm embedded toolchain/9 2019.9/bin/../lib/gcc/arm-none-eabi/9.2.1/../../../../arm-none-eabi/lib/thumb/v7-m/nofp\libg.a(lib_a-malloc.o)
 .ARM.attributes
                0x00000999       0x2d d:/gnu arm embedded toolchain/9 2019.9/bin/../lib/gcc/arm-none-eabi/9.2.1/../../../../arm-none-eabi/lib/thumb/v7-m/nofp\libg.a(lib_a-mallocr.o)
 .ARM.attributes
                0x000009c6       0x2d d:/gnu arm embedded toolchain/9 2019.9/bin/../lib/gcc/arm-none-eabi/9.2.1/../../../../arm-none-eabi/lib/thumb/v7-m/nofp\libg.a(lib_a-memchr-stub.o)
 .ARM.attributes
                0x000009f3       0x1b d:/gnu arm embedded toolchain/9 2019.9/bin/../lib/gcc/arm-none-eabi/9.2.1/../../../../arm-none-eabi/lib/thumb/v7-m/nofp\libg.a(lib_a-memcpy.o)
 .ARM.attributes
                0x00000a0e       0x2d d:/gnu arm embedded toolchain/9 2019.9/bin/../lib/gcc/arm-none-eabi/9.2.1/../../../../arm-none-eabi/lib/thumb/v7-m/nofp\libg.a(lib_a-mlock.o)
 .ARM.attributes
                0x00000a3b       0x2d d:/gnu arm embedded toolchain/9 2019.9/bin/../lib/gcc/arm-none-eabi/9.2.1/../../../../arm-none-eabi/lib/thumb/v7-m/nofp\libg.a(lib_a-mprec.o)
 .ARM.attributes
                0x00000a68       0x2d d:/gnu arm embedded toolchain/9 2019.9/bin/../lib/gcc/arm-none-eabi/9.2.1/../../../../arm-none-eabi/lib/thumb/v7-m/nofp\libg.a(lib_a-putc.o)
 .ARM.attributes
                0x00000a95       0x2d d:/gnu arm embedded toolchain/9 2019.9/bin/../lib/gcc/arm-none-eabi/9.2.1/../../../../arm-none-eabi/lib/thumb/v7-m/nofp\libg.a(lib_a-s_frexp.o)
 .ARM.attributes
                0x00000ac2       0x2d d:/gnu arm embedded toolchain/9 2019.9/bin/../lib/gcc/arm-none-eabi/9.2.1/../../../../arm-none-eabi/lib/thumb/v7-m/nofp\libg.a(lib_a-sbrkr.o)
 .ARM.attributes
                0x00000aef       0x2d d:/gnu arm embedded toolchain/9 2019.9/bin/../lib/gcc/arm-none-eabi/9.2.1/../../../../arm-none-eabi/lib/thumb/v7-m/nofp\libg.a(lib_a-stdio.o)
 .ARM.attributes
                0x00000b1c       0x2d d:/gnu arm embedded toolchain/9 2019.9/bin/../lib/gcc/arm-none-eabi/9.2.1/../../../../arm-none-eabi/lib/thumb/v7-m/nofp\libg.a(lib_a-strlen-stub.o)
 .ARM.attributes
                0x00000b49       0x2d d:/gnu arm embedded toolchain/9 2019.9/bin/../lib/gcc/arm-none-eabi/9.2.1/../../../../arm-none-eabi/lib/thumb/v7-m/nofp\libg.a(lib_a-strncpy.o)
 .ARM.attributes
                0x00000b76       0x2d d:/gnu arm embedded toolchain/9 2019.9/bin/../lib/gcc/arm-none-eabi/9.2.1/../../../../arm-none-eabi/lib/thumb/v7-m/nofp\libg.a(lib_a-svfiprintf.o)
 .ARM.attributes
                0x00000ba3       0x2d d:/gnu arm embedded toolchain/9 2019.9/bin/../lib/gcc/arm-none-eabi/9.2.1/../../../../arm-none-eabi/lib/thumb/v7-m/nofp\libg.a(lib_a-vfiprintf.o)
 .ARM.attributes
                0x00000bd0       0x2d d:/gnu arm embedded toolchain/9 2019.9/bin/../lib/gcc/arm-none-eabi/9.2.1/../../../../arm-none-eabi/lib/thumb/v7-m/nofp\libg.a(lib_a-wbuf.o)
 .ARM.attributes
                0x00000bfd       0x2d d:/gnu arm embedded toolchain/9 2019.9/bin/../lib/gcc/arm-none-eabi/9.2.1/../../../../arm-none-eabi/lib/thumb/v7-m/nofp\libg.a(lib_a-writer.o)
 .ARM.attributes
                0x00000c2a       0x2d d:/gnu arm embedded toolchain/9 2019.9/bin/../lib/gcc/arm-none-eabi/9.2.1/../../../../arm-none-eabi/lib/thumb/v7-m/nofp\libg.a(lib_a-__atexit.o)
 .ARM.attributes
                0x00000c57       0x2d d:/gnu arm embedded toolchain/9 2019.9/bin/../lib/gcc/arm-none-eabi/9.2.1/../../../../arm-none-eabi/lib/thumb/v7-m/nofp\libg.a(lib_a-callocr.o)
 .ARM.attributes
                0x00000c84       0x2d d:/gnu arm embedded toolchain/9 2019.9/bin/../lib/gcc/arm-none-eabi/9.2.1/../../../../arm-none-eabi/lib/thumb/v7-m/nofp\libg.a(lib_a-closer.o)
 .ARM.attributes
                0x00000cb1       0x2d d:/gnu arm embedded toolchain/9 2019.9/bin/../lib/gcc/arm-none-eabi/9.2.1/../../../../arm-none-eabi/lib/thumb/v7-m/nofp\libg.a(lib_a-fclose.o)
 .ARM.attributes
                0x00000cde       0x2d d:/gnu arm embedded toolchain/9 2019.9/bin/../lib/gcc/arm-none-eabi/9.2.1/../../../../arm-none-eabi/lib/thumb/v7-m/nofp\libg.a(lib_a-fputwc.o)
 .ARM.attributes
                0x00000d0b       0x2d d:/gnu arm embedded toolchain/9 2019.9/bin/../lib/gcc/arm-none-eabi/9.2.1/../../../../arm-none-eabi/lib/thumb/v7-m/nofp\libg.a(lib_a-fstatr.o)
 .ARM.attributes
                0x00000d38       0x2d d:/gnu arm embedded toolchain/9 2019.9/bin/../lib/gcc/arm-none-eabi/9.2.1/../../../../arm-none-eabi/lib/thumb/v7-m/nofp\libg.a(lib_a-fvwrite.o)
 .ARM.attributes
                0x00000d65       0x2d d:/gnu arm embedded toolchain/9 2019.9/bin/../lib/gcc/arm-none-eabi/9.2.1/../../../../arm-none-eabi/lib/thumb/v7-m/nofp\libg.a(lib_a-isattyr.o)
 .ARM.attributes
                0x00000d92       0x2d d:/gnu arm embedded toolchain/9 2019.9/bin/../lib/gcc/arm-none-eabi/9.2.1/../../../../arm-none-eabi/lib/thumb/v7-m/nofp\libg.a(lib_a-locale.o)
 .ARM.attributes
                0x00000dbf       0x2d d:/gnu arm embedded toolchain/9 2019.9/bin/../lib/gcc/arm-none-eabi/9.2.1/../../../../arm-none-eabi/lib/thumb/v7-m/nofp\libg.a(lib_a-lseekr.o)
 .ARM.attributes
                0x00000dec       0x2d d:/gnu arm embedded toolchain/9 2019.9/bin/../lib/gcc/arm-none-eabi/9.2.1/../../../../arm-none-eabi/lib/thumb/v7-m/nofp\libg.a(lib_a-mbtowc_r.o)
 .ARM.attributes
                0x00000e19       0x2d d:/gnu arm embedded toolchain/9 2019.9/bin/../lib/gcc/arm-none-eabi/9.2.1/../../../../arm-none-eabi/lib/thumb/v7-m/nofp\libg.a(lib_a-memmove.o)
 .ARM.attributes
                0x00000e46       0x2d d:/gnu arm embedded toolchain/9 2019.9/bin/../lib/gcc/arm-none-eabi/9.2.1/../../../../arm-none-eabi/lib/thumb/v7-m/nofp\libg.a(lib_a-readr.o)
 .ARM.attributes
                0x00000e73       0x2d d:/gnu arm embedded toolchain/9 2019.9/bin/../lib/gcc/arm-none-eabi/9.2.1/../../../../arm-none-eabi/lib/thumb/v7-m/nofp\libg.a(lib_a-reallocr.o)
 .ARM.attributes
                0x00000ea0       0x2d d:/gnu arm embedded toolchain/9 2019.9/bin/../lib/gcc/arm-none-eabi/9.2.1/../../../../arm-none-eabi/lib/thumb/v7-m/nofp\libg.a(lib_a-reent.o)
 .ARM.attributes
                0x00000ecd       0x2d d:/gnu arm embedded toolchain/9 2019.9/bin/../lib/gcc/arm-none-eabi/9.2.1/../../../../arm-none-eabi/lib/thumb/v7-m/nofp\libg.a(lib_a-wcrtomb.o)
 .ARM.attributes
                0x00000efa       0x2d d:/gnu arm embedded toolchain/9 2019.9/bin/../lib/gcc/arm-none-eabi/9.2.1/../../../../arm-none-eabi/lib/thumb/v7-m/nofp\libg.a(lib_a-wctomb_r.o)
 .ARM.attributes
                0x00000f27       0x2d d:/gnu arm embedded toolchain/9 2019.9/bin/../lib/gcc/arm-none-eabi/9.2.1/../../../../arm-none-eabi/lib/thumb/v7-m/nofp\libg.a(lib_a-ctype_.o)
 .ARM.attributes
                0x00000f54       0x1d d:/gnu arm embedded toolchain/9 2019.9/bin/../lib/gcc/arm-none-eabi/9.2.1/thumb/v7-m/nofp\libgcc.a(_arm_muldivdf3.o)
 .ARM.attributes
                0x00000f71       0x1d d:/gnu arm embedded toolchain/9 2019.9/bin/../lib/gcc/arm-none-eabi/9.2.1/thumb/v7-m/nofp\libgcc.a(_arm_unorddf2.o)
 .ARM.attributes
                0x00000f8e       0x1d d:/gnu arm embedded toolchain/9 2019.9/bin/../lib/gcc/arm-none-eabi/9.2.1/thumb/v7-m/nofp\libgcc.a(_arm_fixdfsi.o)
 .ARM.attributes
                0x00000fab       0x1d d:/gnu arm embedded toolchain/9 2019.9/bin/../lib/gcc/arm-none-eabi/9.2.1/thumb/v7-m/nofp\libgcc.a(_aeabi_uldivmod.o)
 .ARM.attributes
                0x00000fc8       0x2d d:/gnu arm embedded toolchain/9 2019.9/bin/../lib/gcc/arm-none-eabi/9.2.1/thumb/v7-m/nofp\libgcc.a(_udivmoddi4.o)
 .ARM.attributes
                0x00000ff5       0x1d d:/gnu arm embedded toolchain/9 2019.9/bin/../lib/gcc/arm-none-eabi/9.2.1/thumb/v7-m/nofp\libgcc.a(_dvmd_tls.o)
 .ARM.attributes
                0x00001012       0x1d d:/gnu arm embedded toolchain/9 2019.9/bin/../lib/gcc/arm-none-eabi/9.2.1/thumb/v7-m/nofp/crtn.o
OUTPUT(f103c8t6.elf elf32-littlearm)

.debug_info     0x00000000    0x1ac4b
 .debug_info    0x00000000      0x831 CMakeFiles/f103c8t6.elf.dir/Drivers/STM32F1xx_HAL_Driver/Src/stm32f1xx_hal.c.obj
 .debug_info    0x00000831      0xfd8 CMakeFiles/f103c8t6.elf.dir/Drivers/STM32F1xx_HAL_Driver/Src/stm32f1xx_hal_adc.c.obj
 .debug_info    0x00001809      0xcfd CMakeFiles/f103c8t6.elf.dir/Drivers/STM32F1xx_HAL_Driver/Src/stm32f1xx_hal_adc_ex.c.obj
 .debug_info    0x00002506      0xe46 CMakeFiles/f103c8t6.elf.dir/Drivers/STM32F1xx_HAL_Driver/Src/stm32f1xx_hal_cortex.c.obj
 .debug_info    0x0000334c      0x932 CMakeFiles/f103c8t6.elf.dir/Drivers/STM32F1xx_HAL_Driver/Src/stm32f1xx_hal_dma.c.obj
 .debug_info    0x00003c7e      0x75b CMakeFiles/f103c8t6.elf.dir/Drivers/STM32F1xx_HAL_Driver/Src/stm32f1xx_hal_gpio.c.obj
 .debug_info    0x000043d9     0x3b33 CMakeFiles/f103c8t6.elf.dir/Drivers/STM32F1xx_HAL_Driver/Src/stm32f1xx_hal_i2c.c.obj
 .debug_info    0x00007f0c      0xaab CMakeFiles/f103c8t6.elf.dir/Drivers/STM32F1xx_HAL_Driver/Src/stm32f1xx_hal_rcc.c.obj
 .debug_info    0x000089b7      0x4fd CMakeFiles/f103c8t6.elf.dir/Drivers/STM32F1xx_HAL_Driver/Src/stm32f1xx_hal_rcc_ex.c.obj
 .debug_info    0x00008eb4     0x3be0 CMakeFiles/f103c8t6.elf.dir/Drivers/STM32F1xx_HAL_Driver/Src/stm32f1xx_hal_tim.c.obj
 .debug_info    0x0000ca94     0x1ad3 CMakeFiles/f103c8t6.elf.dir/Drivers/STM32F1xx_HAL_Driver/Src/stm32f1xx_hal_tim_ex.c.obj
 .debug_info    0x0000e567     0x1d5f CMakeFiles/f103c8t6.elf.dir/Drivers/STM32F1xx_HAL_Driver/Src/stm32f1xx_hal_uart.c.obj
 .debug_info    0x000102c6      0xb9d CMakeFiles/f103c8t6.elf.dir/Src/adc.c.obj
 .debug_info    0x00010e63      0x3e0 CMakeFiles/f103c8t6.elf.dir/Src/dma.c.obj
 .debug_info    0x00011243      0x3ff CMakeFiles/f103c8t6.elf.dir/Src/gpio.c.obj
 .debug_info    0x00011642      0x973 CMakeFiles/f103c8t6.elf.dir/Src/i2c.c.obj
 .debug_info    0x00011fb5     0x2123 CMakeFiles/f103c8t6.elf.dir/Src/main.c.obj
 .debug_info    0x000140d8     0x2205 CMakeFiles/f103c8t6.elf.dir/Src/oled.c.obj
 .debug_info    0x000162dd     0x10e5 CMakeFiles/f103c8t6.elf.dir/Src/retarget.c.obj
 .debug_info    0x000173c2      0x2fd CMakeFiles/f103c8t6.elf.dir/Src/stm32f1xx_hal_msp.c.obj
 .debug_info    0x000176bf      0xa76 CMakeFiles/f103c8t6.elf.dir/Src/stm32f1xx_it.c.obj
 .debug_info    0x00018135     0x112a CMakeFiles/f103c8t6.elf.dir/Src/syscalls.c.obj
 .debug_info    0x0001925f      0x2c9 CMakeFiles/f103c8t6.elf.dir/Src/system_stm32f1xx.c.obj
 .debug_info    0x00019528      0xc28 CMakeFiles/f103c8t6.elf.dir/Src/tim.c.obj
 .debug_info    0x0001a150      0x8fb CMakeFiles/f103c8t6.elf.dir/Src/usart.c.obj
 .debug_info    0x0001aa4b      0x1de CMakeFiles/f103c8t6.elf.dir/Src/valuepack.c.obj